Archive member included to satisfy reference by file (symbol)

c:/users/nathan.jones2/miniconda3/envs/conda-env/library/bin/../lib/gcc/arm-none-eabi/8.3.1/../../../../arm-none-eabi/lib/thumb/v7-m/nofp\libc_nano.a(lib_a-exit.o)
                              c:/users/nathan.jones2/miniconda3/envs/conda-env/library/bin/../lib/gcc/arm-none-eabi/8.3.1/../../../../arm-none-eabi/lib/thumb/v7-m/nofp/crt0.o (exit)
c:/users/nathan.jones2/miniconda3/envs/conda-env/library/bin/../lib/gcc/arm-none-eabi/8.3.1/../../../../arm-none-eabi/lib/thumb/v7-m/nofp\libc_nano.a(lib_a-impure.o)
                              c:/users/nathan.jones2/miniconda3/envs/conda-env/library/bin/../lib/gcc/arm-none-eabi/8.3.1/../../../../arm-none-eabi/lib/thumb/v7-m/nofp\libc_nano.a(lib_a-exit.o) (_global_impure_ptr)
c:/users/nathan.jones2/miniconda3/envs/conda-env/library/bin/../lib/gcc/arm-none-eabi/8.3.1/../../../../arm-none-eabi/lib/thumb/v7-m/nofp\libc_nano.a(lib_a-init.o)
                              c:/users/nathan.jones2/miniconda3/envs/conda-env/library/bin/../lib/gcc/arm-none-eabi/8.3.1/../../../../arm-none-eabi/lib/thumb/v7-m/nofp/crt0.o (__libc_init_array)
c:/users/nathan.jones2/miniconda3/envs/conda-env/library/bin/../lib/gcc/arm-none-eabi/8.3.1/../../../../arm-none-eabi/lib/thumb/v7-m/nofp\libc_nano.a(lib_a-memset.o)
                              c:/users/nathan.jones2/miniconda3/envs/conda-env/library/bin/../lib/gcc/arm-none-eabi/8.3.1/../../../../arm-none-eabi/lib/thumb/v7-m/nofp/crt0.o (memset)
c:/users/nathan.jones2/miniconda3/envs/conda-env/library/bin/../lib/gcc/arm-none-eabi/8.3.1/../../../../arm-none-eabi/lib/thumb/v7-m/nofp\libc_nano.a(lib_a-sprintf.o)
                              build/main.o (sprintf)
c:/users/nathan.jones2/miniconda3/envs/conda-env/library/bin/../lib/gcc/arm-none-eabi/8.3.1/../../../../arm-none-eabi/lib/thumb/v7-m/nofp\libc_nano.a(lib_a-strlen.o)
                              build/main.o (strlen)
c:/users/nathan.jones2/miniconda3/envs/conda-env/library/bin/../lib/gcc/arm-none-eabi/8.3.1/../../../../arm-none-eabi/lib/thumb/v7-m/nofp\libc_nano.a(lib_a-nano-svfprintf.o)
                              c:/users/nathan.jones2/miniconda3/envs/conda-env/library/bin/../lib/gcc/arm-none-eabi/8.3.1/../../../../arm-none-eabi/lib/thumb/v7-m/nofp\libc_nano.a(lib_a-sprintf.o) (_svfprintf_r)
c:/users/nathan.jones2/miniconda3/envs/conda-env/library/bin/../lib/gcc/arm-none-eabi/8.3.1/../../../../arm-none-eabi/lib/thumb/v7-m/nofp\libc_nano.a(lib_a-nano-vfprintf_i.o)
                              c:/users/nathan.jones2/miniconda3/envs/conda-env/library/bin/../lib/gcc/arm-none-eabi/8.3.1/../../../../arm-none-eabi/lib/thumb/v7-m/nofp\libc_nano.a(lib_a-nano-svfprintf.o) (_printf_i)
c:/users/nathan.jones2/miniconda3/envs/conda-env/library/bin/../lib/gcc/arm-none-eabi/8.3.1/../../../../arm-none-eabi/lib/thumb/v7-m/nofp\libc_nano.a(lib_a-memchr-stub.o)
                              c:/users/nathan.jones2/miniconda3/envs/conda-env/library/bin/../lib/gcc/arm-none-eabi/8.3.1/../../../../arm-none-eabi/lib/thumb/v7-m/nofp\libc_nano.a(lib_a-nano-svfprintf.o) (memchr)
c:/users/nathan.jones2/miniconda3/envs/conda-env/library/bin/../lib/gcc/arm-none-eabi/8.3.1/../../../../arm-none-eabi/lib/thumb/v7-m/nofp\libc_nano.a(lib_a-memcpy-stub.o)
                              c:/users/nathan.jones2/miniconda3/envs/conda-env/library/bin/../lib/gcc/arm-none-eabi/8.3.1/../../../../arm-none-eabi/lib/thumb/v7-m/nofp\libc_nano.a(lib_a-nano-svfprintf.o) (memcpy)
c:/users/nathan.jones2/miniconda3/envs/conda-env/library/bin/../lib/gcc/arm-none-eabi/8.3.1/../../../../arm-none-eabi/lib/thumb/v7-m/nofp\libc_nano.a(lib_a-memmove.o)
                              c:/users/nathan.jones2/miniconda3/envs/conda-env/library/bin/../lib/gcc/arm-none-eabi/8.3.1/../../../../arm-none-eabi/lib/thumb/v7-m/nofp\libc_nano.a(lib_a-nano-svfprintf.o) (memmove)
c:/users/nathan.jones2/miniconda3/envs/conda-env/library/bin/../lib/gcc/arm-none-eabi/8.3.1/../../../../arm-none-eabi/lib/thumb/v7-m/nofp\libc_nano.a(lib_a-nano-freer.o)
                              c:/users/nathan.jones2/miniconda3/envs/conda-env/library/bin/../lib/gcc/arm-none-eabi/8.3.1/../../../../arm-none-eabi/lib/thumb/v7-m/nofp\libc_nano.a(lib_a-nano-svfprintf.o) (_free_r)
c:/users/nathan.jones2/miniconda3/envs/conda-env/library/bin/../lib/gcc/arm-none-eabi/8.3.1/../../../../arm-none-eabi/lib/thumb/v7-m/nofp\libc_nano.a(lib_a-nano-mallocr.o)
                              c:/users/nathan.jones2/miniconda3/envs/conda-env/library/bin/../lib/gcc/arm-none-eabi/8.3.1/../../../../arm-none-eabi/lib/thumb/v7-m/nofp\libc_nano.a(lib_a-nano-svfprintf.o) (_malloc_r)
c:/users/nathan.jones2/miniconda3/envs/conda-env/library/bin/../lib/gcc/arm-none-eabi/8.3.1/../../../../arm-none-eabi/lib/thumb/v7-m/nofp\libc_nano.a(lib_a-nano-reallocr.o)
[...]
Memory Configuration

Name             Origin             Length             Attributes
RAM              0x20000000         0x00005000         xrw
FLASH            0x08000000         0x00010000         xr
*default*        0x00000000         0xffffffff

Linker script and memory map

LOAD c:/users/nathan.jones2/miniconda3/envs/conda-env/library/bin/../lib/gcc/arm-none-eabi/8.3.1/thumb/v7-m/nofp/crti.o
LOAD c:/users/nathan.jones2/miniconda3/envs/conda-env/library/bin/../lib/gcc/arm-none-eabi/8.3.1/thumb/v7-m/nofp/crtbegin.o
LOAD c:/users/nathan.jones2/miniconda3/envs/conda-env/library/bin/../lib/gcc/arm-none-eabi/8.3.1/../../../../arm-none-eabi/lib/thumb/v7-m/nofp/crt0.o
LOAD build/main.o
LOAD build/stm32f1xx_it.o
LOAD build/stm32f1xx_hal_msp.o
LOAD build/stm32f1xx_hal_gpio_ex.o
LOAD build/stm32f1xx_hal_adc.o
LOAD build/stm32f1xx_hal_adc_ex.o
LOAD build/stm32f1xx_hal.o
LOAD build/stm32f1xx_hal_rcc.o
LOAD build/stm32f1xx_hal_rcc_ex.o
LOAD build/stm32f1xx_hal_gpio.o
LOAD build/stm32f1xx_hal_dma.o
LOAD build/stm32f1xx_hal_cortex.o
LOAD build/stm32f1xx_hal_pwr.o
LOAD build/stm32f1xx_hal_flash.o
LOAD build/stm32f1xx_hal_flash_ex.o
LOAD build/stm32f1xx_hal_exti.o
LOAD build/stm32f1xx_hal_spi.o
LOAD build/stm32f1xx_hal_tim.o
LOAD build/stm32f1xx_hal_tim_ex.o
LOAD build/stm32f1xx_hal_uart.o
LOAD build/system_stm32f1xx.o
LOAD build/startup_stm32f103xb.o
LOAD c:/users/nathan.jones2/miniconda3/envs/conda-env/library/bin/../lib/gcc/arm-none-eabi/8.3.1/../../../../arm-none-eabi/lib/thumb/v7-m/nofp\libc_nano.a
LOAD c:/users/nathan.jones2/miniconda3/envs/conda-env/library/bin/../lib/gcc/arm-none-eabi/8.3.1/../../../../arm-none-eabi/lib/thumb/v7-m/nofp\libm.a
LOAD c:/users/nathan.jones2/miniconda3/envs/conda-env/library/bin/../lib/gcc/arm-none-eabi/8.3.1/../../../../arm-none-eabi/lib/thumb/v7-m/nofp\libnosys.a
START GROUP
LOAD c:/users/nathan.jones2/miniconda3/envs/conda-env/library/bin/../lib/gcc/arm-none-eabi/8.3.1/thumb/v7-m/nofp\libgcc.a
LOAD c:/users/nathan.jones2/miniconda3/envs/conda-env/library/bin/../lib/gcc/arm-none-eabi/8.3.1/../../../../arm-none-eabi/lib/thumb/v7-m/nofp\libc_nano.a
END GROUP
START GROUP
LOAD c:/users/nathan.jones2/miniconda3/envs/conda-env/library/bin/../lib/gcc/arm-none-eabi/8.3.1/thumb/v7-m/nofp\libgcc.a
LOAD c:/users/nathan.jones2/miniconda3/envs/conda-env/library/bin/../lib/gcc/arm-none-eabi/8.3.1/../../../../arm-none-eabi/lib/thumb/v7-m/nofp\libc_nano.a
END GROUP
LOAD c:/users/nathan.jones2/miniconda3/envs/conda-env/library/bin/../lib/gcc/arm-none-eabi/8.3.1/thumb/v7-m/nofp/crtend.o
LOAD c:/users/nathan.jones2/miniconda3/envs/conda-env/library/bin/../lib/gcc/arm-none-eabi/8.3.1/thumb/v7-m/nofp/crtn.o
                0x20005000                _estack = 0x20005000
                0x00000200                _Min_Heap_Size = 0x200
                0x00000400                _Min_Stack_Size = 0x400

.isr_vector     0x08000000      0x10c
                0x08000000                . = ALIGN (0x4)
 *(.isr_vector)
 .isr_vector    0x08000000      0x10c build/startup_stm32f103xb.o
                0x08000000                g_pfnVectors
                0x0800010c                . = ALIGN (0x4)

.text           0x08000110     0x35d8
                0x08000110                . = ALIGN (0x4)
 *(.text)
 .text          0x08000110       0x40 c:/users/nathan.jones2/miniconda3/envs/conda-env/library/bin/../lib/gcc/arm-none-eabi/8.3.1/thumb/v7-m/nofp/crtbegin.o
 .text          0x08000150       0x10 c:/users/nathan.jones2/miniconda3/envs/conda-env/library/bin/../lib/gcc/arm-none-eabi/8.3.1/../../../../arm-none-eabi/lib/thumb/v7-m/nofp\libc_nano.a(lib_a-strlen.o)
                0x08000150                strlen
 .text          0x08000160      0x378 c:/users/nathan.jones2/miniconda3/envs/conda-env/library/bin/../lib/gcc/arm-none-eabi/8.3.1/thumb/v7-m/nofp\libgcc.a(_arm_addsubdf3.o)
                0x08000160                __aeabi_drsub
                0x08000168                __aeabi_dsub
                0x08000168                __subdf3
                0x0800016c                __aeabi_dadd
                0x0800016c                __adddf3
                0x080003e4                __floatunsidf
                0x080003e4                __aeabi_ui2d
                0x08000404                __floatsidf
                0x08000404                __aeabi_i2d
                0x08000428                __aeabi_f2d
                0x08000428                __extendsfdf2
                0x0800046c                __floatundidf
                0x0800046c                __aeabi_ul2d
                0x0800047c                __floatdidf
                0x0800047c                __aeabi_l2d
 .text          0x080004d8      0x424 c:/users/nathan.jones2/miniconda3/envs/conda-env/library/bin/../lib/gcc/arm-none-eabi/8.3.1/thumb/v7-m/nofp\libgcc.a(_arm_muldivdf3.o)
                0x080004d8                __aeabi_dmul
                0x080004d8                __muldf3
                0x0800072c                __divdf3
                0x0800072c                __aeabi_ddiv
 .text          0x080008fc       0x40 c:/users/nathan.jones2/miniconda3/envs/conda-env/library/bin/../lib/gcc/arm-none-eabi/8.3.1/thumb/v7-m/nofp\libgcc.a(_arm_fixunsdfsi.o)
                0x080008fc                __aeabi_d2uiz
                0x080008fc                __fixunsdfsi
 .text          0x0800093c       0xa0 c:/users/nathan.jones2/miniconda3/envs/conda-env/library/bin/../lib/gcc/arm-none-eabi/8.3.1/thumb/v7-m/nofp\libgcc.a(_arm_truncdfsf2.o)
                0x0800093c                __truncdfsf2
                0x0800093c                __aeabi_d2f
 .text          0x080009dc      0x21c c:/users/nathan.jones2/miniconda3/envs/conda-env/library/bin/../lib/gcc/arm-none-eabi/8.3.1/thumb/v7-m/nofp\libgcc.a(_arm_addsubsf3.o)
                0x080009dc                __aeabi_frsub
                0x080009e4                __subsf3
                0x080009e4                __aeabi_fsub
                0x080009e8                __aeabi_fadd
                0x080009e8                __addsf3
                0x08000b48                __aeabi_ui2f
                0x08000b48                __floatunsisf
                0x08000b50                __aeabi_i2f
                0x08000b50                __floatsisf
                0x08000b6c                __aeabi_ul2f
                0x08000b6c                __floatundisf
                0x08000b7c                __aeabi_l2f
                0x08000b7c                __floatdisf
 .text          0x08000bf8      0x2a0 c:/users/nathan.jones2/miniconda3/envs/conda-env/library/bin/../lib/gcc/arm-none-eabi/8.3.1/thumb/v7-m/nofp\libgcc.a(_arm_muldivsf3.o)
                0x08000bf8                __mulsf3
                0x08000bf8                __aeabi_fmul
                0x08000d60                __aeabi_fdiv
                0x08000d60                __divsf3
 .text          0x08000e98       0xec c:/users/nathan.jones2/miniconda3/envs/conda-env/library/bin/../lib/gcc/arm-none-eabi/8.3.1/thumb/v7-m/nofp\libgcc.a(_arm_cmpsf2.o)
                0x08000e98                __gesf2
                0x08000e98                __gtsf2
                0x08000ea0                __lesf2
                0x08000ea0                __ltsf2
                0x08000ea8                __nesf2
                0x08000ea8                __eqsf2
                0x08000ea8                __cmpsf2
                0x08000f08                __aeabi_cfrcmple
                0x08000f10                __aeabi_cfcmpeq
                0x08000f10                __aeabi_cfcmple
                0x08000f20                __aeabi_fcmpeq
                0x08000f34                __aeabi_fcmplt
                0x08000f48                __aeabi_fcmple
                0x08000f5c                __aeabi_fcmpge
                0x08000f70                __aeabi_fcmpgt
 *(.text*)
 .text.MX_GPIO_Init
                0x08000f84       0x88 build/main.o
 .text.MX_ADC1_Init
                0x0800100c       0x44 build/main.o
 .text.MX_SPI1_Init
                0x08001050       0x44 build/main.o
 .text.MX_USART1_UART_Init
                0x08001094       0x2c build/main.o
 .text.MX_USART2_UART_Init
                0x080010c0       0x2c build/main.o
 .text.SystemClock_Config
                0x080010ec       0x68 build/main.o
                0x080010ec                SystemClock_Config
 .text.setGain  0x08001154       0x54 build/main.o
                0x08001154                setGain
 .text.setVref  0x080011a8       0x7c build/main.o
                0x080011a8                setVref
 *fill*         0x08001224        0x4 
 .text.main     0x08001228      0x174 build/main.o
                0x08001228                main
 .text.NMI_Handler
                0x0800139c        0x2 build/stm32f1xx_it.o
                0x0800139c                NMI_Handler
 .text.HardFault_Handler
                0x0800139e        0x2 build/stm32f1xx_it.o
                0x0800139e                HardFault_Handler
 .text.MemManage_Handler
                0x080013a0        0x2 build/stm32f1xx_it.o
                0x080013a0                MemManage_Handler
 .text.BusFault_Handler
                0x080013a2        0x2 build/stm32f1xx_it.o
                0x080013a2                BusFault_Handler
 .text.UsageFault_Handler
                0x080013a4        0x2 build/stm32f1xx_it.o
                0x080013a4                UsageFault_Handler
 .text.SVC_Handler
                0x080013a6        0x2 build/stm32f1xx_it.o
                0x080013a6                SVC_Handler
 .text.DebugMon_Handler
                0x080013a8        0x2 build/stm32f1xx_it.o
                0x080013a8                DebugMon_Handler
 .text.PendSV_Handler
                0x080013aa        0x2 build/stm32f1xx_it.o
                0x080013aa                PendSV_Handler
 .text.SysTick_Handler
                0x080013ac        0x8 build/stm32f1xx_it.o
                0x080013ac                SysTick_Handler
 .text.HAL_MspInit
                0x080013b4       0x44 build/stm32f1xx_hal_msp.o
                0x080013b4                HAL_MspInit
 .text.HAL_ADC_MspInit
                0x080013f8       0x60 build/stm32f1xx_hal_msp.o
                0x080013f8                HAL_ADC_MspInit
 .text.HAL_SPI_MspInit
                0x08001458       0x64 build/stm32f1xx_hal_msp.o
                0x08001458                HAL_SPI_MspInit
 .text.HAL_UART_MspInit
                0x080014bc       0xd4 build/stm32f1xx_hal_msp.o
                0x080014bc                HAL_UART_MspInit
 .text.HAL_ADC_PollForConversion
                0x08001590      0x16c build/stm32f1xx_hal_adc.o
                0x08001590                HAL_ADC_PollForConversion
 .text.HAL_ADC_GetValue
                0x080016fc        0x6 build/stm32f1xx_hal_adc.o
                0x080016fc                HAL_ADC_GetValue
 *fill*         0x08001702        0x2 
 .text.HAL_ADC_ConfigChannel
                0x08001704      0x138 build/stm32f1xx_hal_adc.o
                0x08001704                HAL_ADC_ConfigChannel
 .text.ADC_Enable
                0x0800183c       0x7c build/stm32f1xx_hal_adc.o
                0x0800183c                ADC_Enable
 .text.HAL_ADC_Start
                0x080018b8       0xf0 build/stm32f1xx_hal_adc.o
                0x080018b8                HAL_ADC_Start
 .text.ADC_ConversionStop_Disable
                0x080019a8       0x4c build/stm32f1xx_hal_adc.o
                0x080019a8                ADC_ConversionStop_Disable
 .text.HAL_ADC_Init
                0x080019f4      0x108 build/stm32f1xx_hal_adc.o
                0x080019f4                HAL_ADC_Init
 .text.HAL_ADCEx_Calibration_Start
                0x08001afc       0xe8 build/stm32f1xx_hal_adc_ex.o
                0x08001afc                HAL_ADCEx_Calibration_Start
 .text.HAL_InitTick
                0x08001be4       0x4c build/stm32f1xx_hal.o
                0x08001be4                HAL_InitTick
 .text.HAL_Init
                0x08001c30       0x24 build/stm32f1xx_hal.o
                0x08001c30                HAL_Init
 .text.HAL_IncTick
                0x08001c54       0x18 build/stm32f1xx_hal.o
                0x08001c54                HAL_IncTick
 .text.HAL_GetTick
                0x08001c6c        0xc build/stm32f1xx_hal.o
                0x08001c6c                HAL_GetTick
 .text.HAL_Delay
                0x08001c78       0x28 build/stm32f1xx_hal.o
                0x08001c78                HAL_Delay
 .text.RCC_Delay
                0x08001ca0       0x2c build/stm32f1xx_hal_rcc.o
 .text.HAL_RCC_OscConfig
                0x08001ccc      0x410 build/stm32f1xx_hal_rcc.o
                0x08001ccc                HAL_RCC_OscConfig
 .text.HAL_RCC_GetSysClockFreq
                0x080020dc       0x70 build/stm32f1xx_hal_rcc.o
                0x080020dc                HAL_RCC_GetSysClockFreq
 .text.HAL_RCC_ClockConfig
                0x0800214c      0x16c build/stm32f1xx_hal_rcc.o
                0x0800214c                HAL_RCC_ClockConfig
 .text.HAL_RCC_GetHCLKFreq
                0x080022b8        0xc build/stm32f1xx_hal_rcc.o
                0x080022b8                HAL_RCC_GetHCLKFreq
 .text.HAL_RCC_GetPCLK1Freq
                0x080022c4       0x20 build/stm32f1xx_hal_rcc.o
                0x080022c4                HAL_RCC_GetPCLK1Freq
 .text.HAL_RCC_GetPCLK2Freq
                0x080022e4       0x20 build/stm32f1xx_hal_rcc.o
                0x080022e4                HAL_RCC_GetPCLK2Freq
 .text.HAL_RCCEx_PeriphCLKConfig
                0x08002304      0x114 build/stm32f1xx_hal_rcc_ex.o
                0x08002304                HAL_RCCEx_PeriphCLKConfig
 .text.HAL_RCCEx_GetPeriphCLKFreq
                0x08002418       0xf4 build/stm32f1xx_hal_rcc_ex.o
                0x08002418                HAL_RCCEx_GetPeriphCLKFreq
 .text.HAL_GPIO_Init
                0x0800250c      0x1d8 build/stm32f1xx_hal_gpio.o
                0x0800250c                HAL_GPIO_Init
 .text.HAL_GPIO_WritePin
                0x080026e4        0xc build/stm32f1xx_hal_gpio.o
                0x080026e4                HAL_GPIO_WritePin
 .text.HAL_NVIC_SetPriorityGrouping
                0x080026f0       0x24 build/stm32f1xx_hal_cortex.o
                0x080026f0                HAL_NVIC_SetPriorityGrouping
 .text.HAL_NVIC_SetPriority
                0x08002714       0x68 build/stm32f1xx_hal_cortex.o
                0x08002714                HAL_NVIC_SetPriority
 .text.HAL_SYSTICK_Config
                0x0800277c       0x2c build/stm32f1xx_hal_cortex.o
                0x0800277c                HAL_SYSTICK_Config
 .text.SPI_WaitFlagStateUntilTimeout
                0x080027a8       0x90 build/stm32f1xx_hal_spi.o
 .text.SPI_EndRxTxTransaction
                0x08002838       0x28 build/stm32f1xx_hal_spi.o
 .text.HAL_SPI_Init
                0x08002860       0x7c build/stm32f1xx_hal_spi.o
                0x08002860                HAL_SPI_Init
 .text.HAL_SPI_Transmit
                0x080028dc      0x19c build/stm32f1xx_hal_spi.o
                0x080028dc                HAL_SPI_Transmit
 .text.UART_SetConfig
                0x08002a78       0xcc build/stm32f1xx_hal_uart.o
 .text.UART_WaitOnFlagUntilTimeout
                0x08002b44       0x62 build/stm32f1xx_hal_uart.o
 .text.HAL_UART_Init
                0x08002ba6       0x5e build/stm32f1xx_hal_uart.o
                0x08002ba6                HAL_UART_Init
 .text.HAL_UART_Transmit
                0x08002c04       0xe0 build/stm32f1xx_hal_uart.o
                0x08002c04                HAL_UART_Transmit
 .text.SystemInit
                0x08002ce4       0x4c build/system_stm32f1xx.o
                0x08002ce4                SystemInit
 .text.Reset_Handler
                0x08002d30       0x48 build/startup_stm32f103xb.o
                0x08002d30                Reset_Handler
 .text.Default_Handler
                0x08002d78        0x2 build/startup_stm32f103xb.o
                0x08002d78                RTC_Alarm_IRQHandler
                0x08002d78                EXTI2_IRQHandler
                0x08002d78                TIM1_CC_IRQHandler
                0x08002d78                PVD_IRQHandler
                0x08002d78                EXTI3_IRQHandler
                0x08002d78                EXTI0_IRQHandler
                0x08002d78                I2C2_EV_IRQHandler
                0x08002d78                ADC1_2_IRQHandler
                0x08002d78                SPI1_IRQHandler
                0x08002d78                TAMPER_IRQHandler
                0x08002d78                DMA1_Channel4_IRQHandler
                0x08002d78                USART3_IRQHandler
                0x08002d78                RTC_IRQHandler
                0x08002d78                DMA1_Channel7_IRQHandler
                0x08002d78                CAN1_RX1_IRQHandler
                0x08002d78                TIM4_IRQHandler
                0x08002d78                I2C1_EV_IRQHandler
                0x08002d78                DMA1_Channel6_IRQHandler
                0x08002d78                TIM3_IRQHandler
                0x08002d78                RCC_IRQHandler
                0x08002d78                TIM1_TRG_COM_IRQHandler
                0x08002d78                DMA1_Channel1_IRQHandler
                0x08002d78                Default_Handler
                0x08002d78                EXTI15_10_IRQHandler
                0x08002d78                EXTI9_5_IRQHandler
                0x08002d78                SPI2_IRQHandler
                0x08002d78                DMA1_Channel5_IRQHandler
                0x08002d78                EXTI4_IRQHandler
                0x08002d78                USB_LP_CAN1_RX0_IRQHandler
                0x08002d78                USB_HP_CAN1_TX_IRQHandler
                0x08002d78                DMA1_Channel3_IRQHandler
                0x08002d78                TIM1_UP_IRQHandler
                0x08002d78                WWDG_IRQHandler
                0x08002d78                TIM2_IRQHandler
                0x08002d78                TIM1_BRK_IRQHandler
                0x08002d78                EXTI1_IRQHandler
                0x08002d78                USART2_IRQHandler
                0x08002d78                I2C2_ER_IRQHandler
                0x08002d78                DMA1_Channel2_IRQHandler
                0x08002d78                CAN1_SCE_IRQHandler
                0x08002d78                FLASH_IRQHandler
                0x08002d78                USART1_IRQHandler
                0x08002d78                I2C1_ER_IRQHandler
                0x08002d78                USBWakeUp_IRQHandler
 *fill*         0x08002d7a        0x2 
 .text.__libc_init_array
                0x08002d7c       0x48 c:/users/nathan.jones2/miniconda3/envs/conda-env/library/bin/../lib/gcc/arm-none-eabi/8.3.1/../../../../arm-none-eabi/lib/thumb/v7-m/nofp\libc_nano.a(lib_a-init.o)
                0x08002d7c                __libc_init_array
 .text.memset   0x08002dc4       0x10 c:/users/nathan.jones2/miniconda3/envs/conda-env/library/bin/../lib/gcc/arm-none-eabi/8.3.1/../../../../arm-none-eabi/lib/thumb/v7-m/nofp\libc_nano.a(lib_a-memset.o)
                0x08002dc4                memset
 .text.sprintf  0x08002dd4       0x40 c:/users/nathan.jones2/miniconda3/envs/conda-env/library/bin/../lib/gcc/arm-none-eabi/8.3.1/../../../../arm-none-eabi/lib/thumb/v7-m/nofp\libc_nano.a(lib_a-sprintf.o)
                0x08002dd4                siprintf
                0x08002dd4                sprintf
 .text.__ssputs_r
                0x08002e14       0xb6 c:/users/nathan.jones2/miniconda3/envs/conda-env/library/bin/../lib/gcc/arm-none-eabi/8.3.1/../../../../arm-none-eabi/lib/thumb/v7-m/nofp\libc_nano.a(lib_a-nano-svfprintf.o)
                0x08002e14                __ssputs_r
 *fill*         0x08002eca        0x2 
 .text._svfprintf_r
                0x08002ecc      0x1f0 c:/users/nathan.jones2/miniconda3/envs/conda-env/library/bin/../lib/gcc/arm-none-eabi/8.3.1/../../../../arm-none-eabi/lib/thumb/v7-m/nofp\libc_nano.a(lib_a-nano-svfprintf.o)
                0x08002ecc                _svfiprintf_r
                0x08002ecc                _svfprintf_r
 .text._printf_common
                0x080030bc       0xec c:/users/nathan.jones2/miniconda3/envs/conda-env/library/bin/../lib/gcc/arm-none-eabi/8.3.1/../../../../arm-none-eabi/lib/thumb/v7-m/nofp\libc_nano.a(lib_a-nano-vfprintf_i.o)
                0x080030bc                _printf_common
 .text._printf_i
                0x080031a8      0x22c c:/users/nathan.jones2/miniconda3/envs/conda-env/library/bin/../lib/gcc/arm-none-eabi/8.3.1/../../../../arm-none-eabi/lib/thumb/v7-m/nofp\libc_nano.a(lib_a-nano-vfprintf_i.o)
                0x080031a8                _printf_i
 .text.memchr   0x080033d4       0x1c c:/users/nathan.jones2/miniconda3/envs/conda-env/library/bin/../lib/gcc/arm-none-eabi/8.3.1/../../../../arm-none-eabi/lib/thumb/v7-m/nofp\libc_nano.a(lib_a-memchr-stub.o)
                0x080033d4                memchr
 .text.memcpy   0x080033f0       0x1c c:/users/nathan.jones2/miniconda3/envs/conda-env/library/bin/../lib/gcc/arm-none-eabi/8.3.1/../../../../arm-none-eabi/lib/thumb/v7-m/nofp\libc_nano.a(lib_a-memcpy-stub.o)
                0x080033f0                memcpy
 .text.memmove  0x0800340c       0x34 c:/users/nathan.jones2/miniconda3/envs/conda-env/library/bin/../lib/gcc/arm-none-eabi/8.3.1/../../../../arm-none-eabi/lib/thumb/v7-m/nofp\libc_nano.a(lib_a-memmove.o)
                0x0800340c                memmove
 .text._free_r  0x08003440       0x98 c:/users/nathan.jones2/miniconda3/envs/conda-env/library/bin/../lib/gcc/arm-none-eabi/8.3.1/../../../../arm-none-eabi/lib/thumb/v7-m/nofp\libc_nano.a(lib_a-nano-freer.o)
                0x08003440                _free_r
 .text._malloc_r
                0x080034d8       0xb4 c:/users/nathan.jones2/miniconda3/envs/conda-env/library/bin/../lib/gcc/arm-none-eabi/8.3.1/../../../../arm-none-eabi/lib/thumb/v7-m/nofp\libc_nano.a(lib_a-nano-mallocr.o)
                0x080034d8                _malloc_r
 .text._realloc_r
                0x0800358c       0x4c c:/users/nathan.jones2/miniconda3/envs/conda-env/library/bin/../lib/gcc/arm-none-eabi/8.3.1/../../../../arm-none-eabi/lib/thumb/v7-m/nofp\libc_nano.a(lib_a-nano-reallocr.o)
                0x0800358c                _realloc_r
 .text._sbrk_r  0x080035d8       0x20 c:/users/nathan.jones2/miniconda3/envs/conda-env/library/bin/../lib/gcc/arm-none-eabi/8.3.1/../../../../arm-none-eabi/lib/thumb/v7-m/nofp\libc_nano.a(lib_a-sbrkr.o)
                0x080035d8                _sbrk_r
 .text.__malloc_lock
                0x080035f8        0xc c:/users/nathan.jones2/miniconda3/envs/conda-env/library/bin/../lib/gcc/arm-none-eabi/8.3.1/../../../../arm-none-eabi/lib/thumb/v7-m/nofp\libc_nano.a(lib_a-mlock.o)
                0x080035f8                __malloc_lock
 .text.__malloc_unlock
                0x08003604        0xc c:/users/nathan.jones2/miniconda3/envs/conda-env/library/bin/../lib/gcc/arm-none-eabi/8.3.1/../../../../arm-none-eabi/lib/thumb/v7-m/nofp\libc_nano.a(lib_a-mlock.o)
                0x08003604                __malloc_unlock
 .text._malloc_usable_size_r
                0x08003610       0x10 c:/users/nathan.jones2/miniconda3/envs/conda-env/library/bin/../lib/gcc/arm-none-eabi/8.3.1/../../../../arm-none-eabi/lib/thumb/v7-m/nofp\libc_nano.a(lib_a-nano-msizer.o)
                0x08003610                _malloc_usable_size_r
 .text.__retarget_lock_acquire_recursive
                0x08003620        0x2 c:/users/nathan.jones2/miniconda3/envs/conda-env/library/bin/../lib/gcc/arm-none-eabi/8.3.1/../../../../arm-none-eabi/lib/thumb/v7-m/nofp\libc_nano.a(lib_a-lock.o)
                0x08003620                __retarget_lock_acquire_recursive
 .text.__retarget_lock_release_recursive
                0x08003622        0x2 c:/users/nathan.jones2/miniconda3/envs/conda-env/library/bin/../lib/gcc/arm-none-eabi/8.3.1/../../../../arm-none-eabi/lib/thumb/v7-m/nofp\libc_nano.a(lib_a-lock.o)
                0x08003622                __retarget_lock_release_recursive
 .text.round    0x08003624       0x90 c:/users/nathan.jones2/miniconda3/envs/conda-env/library/bin/../lib/gcc/arm-none-eabi/8.3.1/../../../../arm-none-eabi/lib/thumb/v7-m/nofp\libm.a(lib_a-s_round.o)
                0x08003624                round
 .text._sbrk    0x080036b4       0x1c c:/users/nathan.jones2/miniconda3/envs/conda-env/library/bin/../lib/gcc/arm-none-eabi/8.3.1/../../../../arm-none-eabi/lib/thumb/v7-m/nofp\libnosys.a(sbrk.o)
                0x080036b4                _sbrk
 *(.glue_7)
 .glue_7        0x080036d0        0x0 linker stubs
 *(.glue_7t)
 .glue_7t       0x080036d0        0x0 linker stubs
 *(.eh_frame)
 .eh_frame      0x080036d0        0x0 c:/users/nathan.jones2/miniconda3/envs/conda-env/library/bin/../lib/gcc/arm-none-eabi/8.3.1/thumb/v7-m/nofp/crtbegin.o
 *(.init)
 .init          0x080036d0        0x4 c:/users/nathan.jones2/miniconda3/envs/conda-env/library/bin/../lib/gcc/arm-none-eabi/8.3.1/thumb/v7-m/nofp/crti.o
                0x080036d0                _init
 .init          0x080036d4        0x8 c:/users/nathan.jones2/miniconda3/envs/conda-env/library/bin/../lib/gcc/arm-none-eabi/8.3.1/thumb/v7-m/nofp/crtn.o
 *(.fini)
 .fini          0x080036dc        0x4 c:/users/nathan.jones2/miniconda3/envs/conda-env/library/bin/../lib/gcc/arm-none-eabi/8.3.1/thumb/v7-m/nofp/crti.o
                0x080036dc                _fini
 .fini          0x080036e0        0x8 c:/users/nathan.jones2/miniconda3/envs/conda-env/library/bin/../lib/gcc/arm-none-eabi/8.3.1/thumb/v7-m/nofp/crtn.o
                0x080036e8                . = ALIGN (0x4)
                0x080036e8                _etext = .

.vfp11_veneer   0x080036e8        0x0
 .vfp11_veneer  0x080036e8        0x0 linker stubs

.v4_bx          0x080036e8        0x0
 .v4_bx         0x080036e8        0x0 linker stubs

.iplt           0x080036e8        0x0
 .iplt          0x080036e8        0x0 c:/users/nathan.jones2/miniconda3/envs/conda-env/library/bin/../lib/gcc/arm-none-eabi/8.3.1/thumb/v7-m/nofp/crtbegin.o

.rodata         0x080036e8       0xbc
                0x080036e8                . = ALIGN (0x4)
 *(.rodata)
 .rodata        0x080036e8       0x12 build/stm32f1xx_hal_rcc.o
 *fill*         0x080036fa        0x2 
 .rodata        0x080036fc       0x12 build/stm32f1xx_hal_rcc_ex.o
 *(.rodata*)
 *fill*         0x0800370e        0x2 
 .rodata.channel_name.7615
                0x08003710        0xc build/main.o
 .rodata.gain.7618
                0x0800371c        0x8 build/main.o
 .rodata.main.str1.4
                0x08003724       0x34 build/main.o
                                 0x32 (size before relaxing)
 .rodata.AHBPrescTable
                0x08003758       0x10 build/system_stm32f1xx.o
                0x08003758                AHBPrescTable
 .rodata.APBPrescTable
                0x08003768        0x8 build/system_stm32f1xx.o
                0x08003768                APBPrescTable
 .rodata._svfprintf_r.str1.1
                0x08003770       0x11 c:/users/nathan.jones2/miniconda3/envs/conda-env/library/bin/../lib/gcc/arm-none-eabi/8.3.1/../../../../arm-none-eabi/lib/thumb/v7-m/nofp\libc_nano.a(lib_a-nano-svfprintf.o)
 .rodata._printf_i.str1.1
                0x08003781       0x22 c:/users/nathan.jones2/miniconda3/envs/conda-env/library/bin/../lib/gcc/arm-none-eabi/8.3.1/../../../../arm-none-eabi/lib/thumb/v7-m/nofp\libc_nano.a(lib_a-nano-vfprintf_i.o)
                0x080037a4                . = ALIGN (0x4)
 *fill*         0x080037a3        0x1 

.rel.dyn        0x080037a4        0x0
 .rel.iplt      0x080037a4        0x0 c:/users/nathan.jones2/miniconda3/envs/conda-env/library/bin/../lib/gcc/arm-none-eabi/8.3.1/thumb/v7-m/nofp/crtbegin.o

.ARM.extab
 *(.ARM.extab* .gnu.linkonce.armextab.*)

.ARM            0x080037a4        0x0
                0x080037a4                __exidx_start = .
 *(.ARM.exidx*)
                0x080037a4                __exidx_end = .

.preinit_array  0x080037a4        0x0
                0x080037a4                PROVIDE (__preinit_array_start = .)
 *(.preinit_array*)
                0x080037a4                PROVIDE (__preinit_array_end = .)

.init_array     0x080037a4        0x4
                0x080037a4                PROVIDE (__init_array_start = .)
 *(SORT_BY_NAME(.init_array.*))
 *(.init_array*)
 .init_array    0x080037a4        0x4 c:/users/nathan.jones2/miniconda3/envs/conda-env/library/bin/../lib/gcc/arm-none-eabi/8.3.1/thumb/v7-m/nofp/crtbegin.o
                0x080037a8                PROVIDE (__init_array_end = .)

.fini_array     0x080037a8        0x4
                [!provide]                PROVIDE (__fini_array_start = .)
 *(SORT_BY_NAME(.fini_array.*))
 *(.fini_array*)
 .fini_array    0x080037a8        0x4 c:/users/nathan.jones2/miniconda3/envs/conda-env/library/bin/../lib/gcc/arm-none-eabi/8.3.1/thumb/v7-m/nofp/crtbegin.o
                [!provide]                PROVIDE (__fini_array_end = .)
                0x080037ac                _sidata = LOADADDR (.data)

.data           0x20000000       0x74 load address 0x080037ac
                0x20000000                . = ALIGN (0x4)
                0x20000000                _sdata = .
 *(.data)
 *(.data*)
 .data.Vin_max.7621
                0x20000000        0x4 build/main.o
 .data.uwTickFreq
                0x20000004        0x1 build/stm32f1xx_hal.o
                0x20000004                uwTickFreq
 *fill*         0x20000005        0x3 
 .data.uwTickPrio
                0x20000008        0x4 build/stm32f1xx_hal.o
                0x20000008                uwTickPrio
 .data.SystemCoreClock
                0x2000000c        0x4 build/system_stm32f1xx.o
                0x2000000c                SystemCoreClock
 .data._impure_ptr
                0x20000010        0x4 c:/users/nathan.jones2/miniconda3/envs/conda-env/library/bin/../lib/gcc/arm-none-eabi/8.3.1/../../../../arm-none-eabi/lib/thumb/v7-m/nofp\libc_nano.a(lib_a-impure.o)
                0x20000010                _impure_ptr
 .data.impure_data
                0x20000014       0x60 c:/users/nathan.jones2/miniconda3/envs/conda-env/library/bin/../lib/gcc/arm-none-eabi/8.3.1/../../../../arm-none-eabi/lib/thumb/v7-m/nofp\libc_nano.a(lib_a-impure.o)
                0x20000074                . = ALIGN (0x4)
                0x20000074                _edata = .

.igot.plt       0x20000074        0x0 load address 0x08003820
 .igot.plt      0x20000074        0x0 c:/users/nathan.jones2/miniconda3/envs/conda-env/library/bin/../lib/gcc/arm-none-eabi/8.3.1/thumb/v7-m/nofp/crtbegin.o
                0x20000074                . = ALIGN (0x4)

.bss            0x20000074      0x250 load address 0x08003820
                0x20000074                _sbss = .
                0x20000074                __bss_start__ = _sbss
 *(.bss)
 .bss           0x20000074       0x1c c:/users/nathan.jones2/miniconda3/envs/conda-env/library/bin/../lib/gcc/arm-none-eabi/8.3.1/thumb/v7-m/nofp/crtbegin.o
 *(.bss*)
 .bss.ADC_msg.7614
                0x20000090       0x80 build/main.o
 .bss.SPI_msg   0x20000110       0x80 build/main.o
 .bss.Vin_min.7620
                0x20000190        0x4 build/main.o
 .bss.gain_idx.7619
                0x20000194        0x1 build/main.o
 *fill*         0x20000195        0x1 
 .bss.lightVal.7616
                0x20000196        0x2 build/main.o
 .bss.zoomAndEnhance.7617
                0x20000198        0x1 build/main.o
 *fill*         0x20000199        0x3 
 .bss.__malloc_free_list
                0x2000019c        0x4 c:/users/nathan.jones2/miniconda3/envs/conda-env/library/bin/../lib/gcc/arm-none-eabi/8.3.1/../../../../arm-none-eabi/lib/thumb/v7-m/nofp\libc_nano.a(lib_a-nano-mallocr.o)
                0x2000019c                __malloc_free_list
 .bss.__malloc_sbrk_start
                0x200001a0        0x4 c:/users/nathan.jones2/miniconda3/envs/conda-env/library/bin/../lib/gcc/arm-none-eabi/8.3.1/../../../../arm-none-eabi/lib/thumb/v7-m/nofp\libc_nano.a(lib_a-nano-mallocr.o)
                0x200001a0                __malloc_sbrk_start
 .bss.heap_end.4194
                0x200001a4        0x4 c:/users/nathan.jones2/miniconda3/envs/conda-env/library/bin/../lib/gcc/arm-none-eabi/8.3.1/../../../../arm-none-eabi/lib/thumb/v7-m/nofp\libnosys.a(sbrk.o)
 *(COMMON)
 COMMON         0x200001a8      0x108 build/main.o
                0x200001a8                hadc1
                0x200001d8                huart1
                0x20000218                hspi1
                0x20000270                huart2
 COMMON         0x200002b0        0x4 build/stm32f1xx_hal.o
                0x200002b0                uwTick
 COMMON         0x200002b4        0x4 c:/users/nathan.jones2/miniconda3/envs/conda-env/library/bin/../lib/gcc/arm-none-eabi/8.3.1/../../../../arm-none-eabi/lib/thumb/v7-m/nofp\libc_nano.a(lib_a-reent.o)
                0x200002b4                errno
 COMMON         0x200002b8        0x9 c:/users/nathan.jones2/miniconda3/envs/conda-env/library/bin/../lib/gcc/arm-none-eabi/8.3.1/../../../../arm-none-eabi/lib/thumb/v7-m/nofp\libc_nano.a(lib_a-lock.o)
                0x200002b8                __lock___atexit_recursive_mutex
                0x200002b9                __lock___arc4random_mutex
                0x200002ba                __lock___env_recursive_mutex
                0x200002bb                __lock___sinit_recursive_mutex
                0x200002bc                __lock___malloc_recursive_mutex
                0x200002bd                __lock___at_quick_exit_mutex
                0x200002be                __lock___dd_hash_mutex
                0x200002bf                __lock___tz_mutex
                0x200002c0                __lock___sfp_recursive_mutex
                0x200002c4                . = ALIGN (0x4)
 *fill*         0x200002c1        0x3 
                0x200002c4                _ebss = .
                0x200002c4                __bss_end__ = _ebss

._user_heap_stack
                0x200002c4      0x604 load address 0x08003820
                0x200002c8                . = ALIGN (0x8)
 *fill*         0x200002c4        0x4 
                0x200002c8                PROVIDE (end = .)
                [!provide]                PROVIDE (_end = .)
                0x200004c8                . = (. + _Min_Heap_Size)
 *fill*         0x200002c8      0x200 
                0x200008c8                . = (. + _Min_Stack_Size)
 *fill*         0x200004c8      0x400 
                0x200008c8                . = ALIGN (0x8)

/DISCARD/
 libc.a(*)
 libm.a(*)
 libgcc.a(*)

.ARM.attributes
                0x00000000       0x29
 *(.ARM.attributes)
 .ARM.attributes
                0x00000000       0x1d c:/users/nathan.jones2/miniconda3/envs/conda-env/library/bin/../lib/gcc/arm-none-eabi/8.3.1/thumb/v7-m/nofp/crti.o
 .ARM.attributes
                0x0000001d       0x2d c:/users/nathan.jones2/miniconda3/envs/conda-env/library/bin/../lib/gcc/arm-none-eabi/8.3.1/thumb/v7-m/nofp/crtbegin.o
 .ARM.attributes
                0x0000004a       0x2d build/main.o
 .ARM.attributes
                0x00000077       0x2d build/stm32f1xx_it.o
 .ARM.attributes
                0x000000a4       0x2d build/stm32f1xx_hal_msp.o
 .ARM.attributes
                0x000000d1       0x2d build/stm32f1xx_hal_adc.o
 .ARM.attributes
                0x000000fe       0x2d build/stm32f1xx_hal_adc_ex.o
 .ARM.attributes
                0x0000012b       0x2d build/stm32f1xx_hal.o
 .ARM.attributes
                0x00000158       0x2d build/stm32f1xx_hal_rcc.o
 .ARM.attributes
                0x00000185       0x2d build/stm32f1xx_hal_rcc_ex.o
 .ARM.attributes
                0x000001b2       0x2d build/stm32f1xx_hal_gpio.o
 .ARM.attributes
                0x000001df       0x2d build/stm32f1xx_hal_cortex.o
 .ARM.attributes
                0x0000020c       0x2d build/stm32f1xx_hal_spi.o
 .ARM.attributes
                0x00000239       0x2d build/stm32f1xx_hal_uart.o
 .ARM.attributes
                0x00000266       0x2d build/system_stm32f1xx.o
 .ARM.attributes
                0x00000293       0x21 build/startup_stm32f103xb.o
 .ARM.attributes
                0x000002b4       0x2d c:/users/nathan.jones2/miniconda3/envs/conda-env/library/bin/../lib/gcc/arm-none-eabi/8.3.1/../../../../arm-none-eabi/lib/thumb/v7-m/nofp\libc_nano.a(lib_a-impure.o)
 .ARM.attributes
                0x000002e1       0x2d c:/users/nathan.jones2/miniconda3/envs/conda-env/library/bin/../lib/gcc/arm-none-eabi/8.3.1/../../../../arm-none-eabi/lib/thumb/v7-m/nofp\libc_nano.a(lib_a-init.o)
 .ARM.attributes
                0x0000030e       0x2d c:/users/nathan.jones2/miniconda3/envs/conda-env/library/bin/../lib/gcc/arm-none-eabi/8.3.1/../../../../arm-none-eabi/lib/thumb/v7-m/nofp\libc_nano.a(lib_a-memset.o)
 .ARM.attributes
                0x0000033b       0x2d c:/users/nathan.jones2/miniconda3/envs/conda-env/library/bin/../lib/gcc/arm-none-eabi/8.3.1/../../../../arm-none-eabi/lib/thumb/v7-m/nofp\libc_nano.a(lib_a-sprintf.o)
 .ARM.attributes
                0x00000368       0x17 c:/users/nathan.jones2/miniconda3/envs/conda-env/library/bin/../lib/gcc/arm-none-eabi/8.3.1/../../../../arm-none-eabi/lib/thumb/v7-m/nofp\libc_nano.a(lib_a-strlen.o)
 .ARM.attributes
                0x0000037f       0x2d c:/users/nathan.jones2/miniconda3/envs/conda-env/library/bin/../lib/gcc/arm-none-eabi/8.3.1/../../../../arm-none-eabi/lib/thumb/v7-m/nofp\libc_nano.a(lib_a-nano-svfprintf.o)
 .ARM.attributes
                0x000003ac       0x2d c:/users/nathan.jones2/miniconda3/envs/conda-env/library/bin/../lib/gcc/arm-none-eabi/8.3.1/../../../../arm-none-eabi/lib/thumb/v7-m/nofp\libc_nano.a(lib_a-nano-vfprintf_i.o)
 .ARM.attributes
                0x000003d9       0x2d c:/users/nathan.jones2/miniconda3/envs/conda-env/library/bin/../lib/gcc/arm-none-eabi/8.3.1/../../../../arm-none-eabi/lib/thumb/v7-m/nofp\libc_nano.a(lib_a-memchr-stub.o)
 .ARM.attributes
                0x00000406       0x2d c:/users/nathan.jones2/miniconda3/envs/conda-env/library/bin/../lib/gcc/arm-none-eabi/8.3.1/../../../../arm-none-eabi/lib/thumb/v7-m/nofp\libc_nano.a(lib_a-memcpy-stub.o)
 .ARM.attributes
                0x00000433       0x2d c:/users/nathan.jones2/miniconda3/envs/conda-env/library/bin/../lib/gcc/arm-none-eabi/8.3.1/../../../../arm-none-eabi/lib/thumb/v7-m/nofp\libc_nano.a(lib_a-memmove.o)
 .ARM.attributes
                0x00000460       0x2d c:/users/nathan.jones2/miniconda3/envs/conda-env/library/bin/../lib/gcc/arm-none-eabi/8.3.1/../../../../arm-none-eabi/lib/thumb/v7-m/nofp\libc_nano.a(lib_a-nano-freer.o)
 .ARM.attributes
                0x0000048d       0x2d c:/users/nathan.jones2/miniconda3/envs/conda-env/library/bin/../lib/gcc/arm-none-eabi/8.3.1/../../../../arm-none-eabi/lib/thumb/v7-m/nofp\libc_nano.a(lib_a-nano-mallocr.o)
 .ARM.attributes
                0x000004ba       0x2d c:/users/nathan.jones2/miniconda3/envs/conda-env/library/bin/../lib/gcc/arm-none-eabi/8.3.1/../../../../arm-none-eabi/lib/thumb/v7-m/nofp\libc_nano.a(lib_a-nano-reallocr.o)
 .ARM.attributes
                0x000004e7       0x2d c:/users/nathan.jones2/miniconda3/envs/conda-env/library/bin/../lib/gcc/arm-none-eabi/8.3.1/../../../../arm-none-eabi/lib/thumb/v7-m/nofp\libc_nano.a(lib_a-sbrkr.o)
 .ARM.attributes
                0x00000514       0x2d c:/users/nathan.jones2/miniconda3/envs/conda-env/library/bin/../lib/gcc/arm-none-eabi/8.3.1/../../../../arm-none-eabi/lib/thumb/v7-m/nofp\libc_nano.a(lib_a-mlock.o)
 .ARM.attributes
                0x00000541       0x2d c:/users/nathan.jones2/miniconda3/envs/conda-env/library/bin/../lib/gcc/arm-none-eabi/8.3.1/../../../../arm-none-eabi/lib/thumb/v7-m/nofp\libc_nano.a(lib_a-nano-msizer.o)
 .ARM.attributes
                0x0000056e       0x2d c:/users/nathan.jones2/miniconda3/envs/conda-env/library/bin/../lib/gcc/arm-none-eabi/8.3.1/../../../../arm-none-eabi/lib/thumb/v7-m/nofp\libc_nano.a(lib_a-reent.o)
 .ARM.attributes
                0x0000059b       0x2d c:/users/nathan.jones2/miniconda3/envs/conda-env/library/bin/../lib/gcc/arm-none-eabi/8.3.1/../../../../arm-none-eabi/lib/thumb/v7-m/nofp\libc_nano.a(lib_a-lock.o)
 .ARM.attributes
                0x000005c8       0x2d c:/users/nathan.jones2/miniconda3/envs/conda-env/library/bin/../lib/gcc/arm-none-eabi/8.3.1/../../../../arm-none-eabi/lib/thumb/v7-m/nofp\libm.a(lib_a-s_round.o)
 .ARM.attributes
                0x000005f5       0x2d c:/users/nathan.jones2/miniconda3/envs/conda-env/library/bin/../lib/gcc/arm-none-eabi/8.3.1/../../../../arm-none-eabi/lib/thumb/v7-m/nofp\libnosys.a(sbrk.o)
 .ARM.attributes
                0x00000622       0x1d c:/users/nathan.jones2/miniconda3/envs/conda-env/library/bin/../lib/gcc/arm-none-eabi/8.3.1/thumb/v7-m/nofp\libgcc.a(_arm_addsubdf3.o)
 .ARM.attributes
                0x0000063f       0x1d c:/users/nathan.jones2/miniconda3/envs/conda-env/library/bin/../lib/gcc/arm-none-eabi/8.3.1/thumb/v7-m/nofp\libgcc.a(_arm_muldivdf3.o)
 .ARM.attributes
                0x0000065c       0x1d c:/users/nathan.jones2/miniconda3/envs/conda-env/library/bin/../lib/gcc/arm-none-eabi/8.3.1/thumb/v7-m/nofp\libgcc.a(_arm_fixunsdfsi.o)
 .ARM.attributes
                0x00000679       0x1d c:/users/nathan.jones2/miniconda3/envs/conda-env/library/bin/../lib/gcc/arm-none-eabi/8.3.1/thumb/v7-m/nofp\libgcc.a(_arm_truncdfsf2.o)
 .ARM.attributes
                0x00000696       0x1d c:/users/nathan.jones2/miniconda3/envs/conda-env/library/bin/../lib/gcc/arm-none-eabi/8.3.1/thumb/v7-m/nofp\libgcc.a(_arm_addsubsf3.o)
 .ARM.attributes
                0x000006b3       0x1d c:/users/nathan.jones2/miniconda3/envs/conda-env/library/bin/../lib/gcc/arm-none-eabi/8.3.1/thumb/v7-m/nofp\libgcc.a(_arm_muldivsf3.o)
 .ARM.attributes
                0x000006d0       0x1d c:/users/nathan.jones2/miniconda3/envs/conda-env/library/bin/../lib/gcc/arm-none-eabi/8.3.1/thumb/v7-m/nofp\libgcc.a(_arm_cmpsf2.o)
 .ARM.attributes
                0x000006ed       0x1d c:/users/nathan.jones2/miniconda3/envs/conda-env/library/bin/../lib/gcc/arm-none-eabi/8.3.1/thumb/v7-m/nofp/crtn.o
OUTPUT(build/CE_over_UART.elf elf32-littlearm)

.debug_info     0x00000000     0xc24a
 .debug_info    0x00000000     0x2156 build/main.o
 .debug_info    0x00002156      0x25f build/stm32f1xx_it.o
 .debug_info    0x000023b5     0x114b build/stm32f1xx_hal_msp.o
 .debug_info    0x00003500     0x10eb build/stm32f1xx_hal_adc.o
 .debug_info    0x000045eb      0xd88 build/stm32f1xx_hal_adc_ex.o
 .debug_info    0x00005373      0x8c6 build/stm32f1xx_hal.o
 .debug_info    0x00005c39      0xb5f build/stm32f1xx_hal_rcc.o
 .debug_info    0x00006798      0x533 build/stm32f1xx_hal_rcc_ex.o
 .debug_info    0x00006ccb      0x7a8 build/stm32f1xx_hal_gpio.o
 .debug_info    0x00007473      0xefb build/stm32f1xx_hal_cortex.o
 .debug_info    0x0000836e     0x1f51 build/stm32f1xx_hal_spi.o
 .debug_info    0x0000a2bf     0x1a9a build/stm32f1xx_hal_uart.o
 .debug_info    0x0000bd59      0x4cf build/system_stm32f1xx.o
 .debug_info    0x0000c228       0x22 build/startup_stm32f103xb.o

.debug_abbrev   0x00000000     0x1f2d
 .debug_abbrev  0x00000000      0x376 build/main.o
 .debug_abbrev  0x00000376       0xf2 build/stm32f1xx_it.o
 .debug_abbrev  0x00000468      0x210 build/stm32f1xx_hal_msp.o
 .debug_abbrev  0x00000678      0x265 build/stm32f1xx_hal_adc.o
 .debug_abbrev  0x000008dd      0x293 build/stm32f1xx_hal_adc_ex.o
 .debug_abbrev  0x00000b70      0x22f build/stm32f1xx_hal.o
 .debug_abbrev  0x00000d9f      0x2ad build/stm32f1xx_hal_rcc.o
 .debug_abbrev  0x0000104c      0x1fb build/stm32f1xx_hal_rcc_ex.o
 .debug_abbrev  0x00001247      0x24f build/stm32f1xx_hal_gpio.o
 .debug_abbrev  0x00001496      0x38a build/stm32f1xx_hal_cortex.o
 .debug_abbrev  0x00001820      0x2be build/stm32f1xx_hal_spi.o
 .debug_abbrev  0x00001ade      0x2ea build/stm32f1xx_hal_uart.o
 .debug_abbrev  0x00001dc8      0x153 build/system_stm32f1xx.o
 .debug_abbrev  0x00001f1b       0x12 build/startup_stm32f103xb.o

.debug_loc      0x00000000     0x7b95
 .debug_loc     0x00000000      0x230 build/main.o
 .debug_loc     0x00000230       0x20 build/stm32f1xx_it.o
 .debug_loc     0x00000250      0x333 build/stm32f1xx_hal_msp.o
 .debug_loc     0x00000583      0xe89 build/stm32f1xx_hal_adc.o
 .debug_loc     0x0000140c      0xb01 build/stm32f1xx_hal_adc_ex.o
 .debug_loc     0x00001f0d      0x1c8 build/stm32f1xx_hal.o
 .debug_loc     0x000020d5      0x7e6 build/stm32f1xx_hal_rcc.o
 .debug_loc     0x000028bb      0x406 build/stm32f1xx_hal_rcc_ex.o
 .debug_loc     0x00002cc1      0x50e build/stm32f1xx_hal_gpio.o
 .debug_loc     0x000031cf      0x76b build/stm32f1xx_hal_cortex.o
 .debug_loc     0x0000393a     0x2430 build/stm32f1xx_hal_spi.o
 .debug_loc     0x00005d6a     0x1d2c build/stm32f1xx_hal_uart.o
 .debug_loc     0x00007a96       0xff build/system_stm32f1xx.o

.debug_aranges  0x00000000      0x900
 .debug_aranges
                0x00000000       0x68 build/main.o
 .debug_aranges
                0x00000068       0x60 build/stm32f1xx_it.o
 .debug_aranges
                0x000000c8       0x50 build/stm32f1xx_hal_msp.o
 .debug_aranges
                0x00000118       0xf0 build/stm32f1xx_hal_adc.o
 .debug_aranges
                0x00000208       0x80 build/stm32f1xx_hal_adc_ex.o
 .debug_aranges
                0x00000288       0xe0 build/stm32f1xx_hal.o
 .debug_aranges
                0x00000368       0x90 build/stm32f1xx_hal_rcc.o
 .debug_aranges
                0x000003f8       0x30 build/stm32f1xx_hal_rcc_ex.o
 .debug_aranges
                0x00000428       0x58 build/stm32f1xx_hal_gpio.o
 .debug_aranges
                0x00000480       0x90 build/stm32f1xx_hal_cortex.o
 .debug_aranges
                0x00000510      0x1d0 build/stm32f1xx_hal_spi.o
 .debug_aranges
                0x000006e0      0x1d0 build/stm32f1xx_hal_uart.o
 .debug_aranges
                0x000008b0       0x28 build/system_stm32f1xx.o
 .debug_aranges
                0x000008d8       0x28 build/startup_stm32f103xb.o

.debug_ranges   0x00000000      0x8c0
 .debug_ranges  0x00000000       0x70 build/main.o
 .debug_ranges  0x00000070       0x50 build/stm32f1xx_it.o
 .debug_ranges  0x000000c0       0x40 build/stm32f1xx_hal_msp.o
 .debug_ranges  0x00000100       0xe0 build/stm32f1xx_hal_adc.o
 .debug_ranges  0x000001e0       0x70 build/stm32f1xx_hal_adc_ex.o
 .debug_ranges  0x00000250       0xd0 build/stm32f1xx_hal.o
 .debug_ranges  0x00000320       0xa0 build/stm32f1xx_hal_rcc.o
 .debug_ranges  0x000003c0       0x38 build/stm32f1xx_hal_rcc_ex.o
 .debug_ranges  0x000003f8       0x48 build/stm32f1xx_hal_gpio.o
 .debug_ranges  0x00000440       0xc8 build/stm32f1xx_hal_cortex.o
 .debug_ranges  0x00000508      0x1c0 build/stm32f1xx_hal_spi.o
 .debug_ranges  0x000006c8      0x1c0 build/stm32f1xx_hal_uart.o
 .debug_ranges  0x00000888       0x18 build/system_stm32f1xx.o
 .debug_ranges  0x000008a0       0x20 build/startup_stm32f103xb.o

.debug_line     0x00000000     0x8bba
 .debug_line    0x00000000      0x7d6 build/main.o
 .debug_line    0x000007d6      0x273 build/stm32f1xx_it.o
 .debug_line    0x00000a49      0x478 build/stm32f1xx_hal_msp.o
 .debug_line    0x00000ec1      0xe65 build/stm32f1xx_hal_adc.o
 .debug_line    0x00001d26      0xb48 build/stm32f1xx_hal_adc_ex.o
 .debug_line    0x0000286e      0x514 build/stm32f1xx_hal.o
 .debug_line    0x00002d82      0xbe1 build/stm32f1xx_hal_rcc.o
 .debug_line    0x00003963      0x4c0 build/stm32f1xx_hal_rcc_ex.o
 .debug_line    0x00003e23      0x627 build/stm32f1xx_hal_gpio.o
 .debug_line    0x0000444a      0x669 build/stm32f1xx_hal_cortex.o
 .debug_line    0x00004ab3     0x2277 build/stm32f1xx_hal_spi.o
 .debug_line    0x00006d2a     0x1b5a build/stm32f1xx_hal_uart.o
 .debug_line    0x00008884      0x2c4 build/system_stm32f1xx.o
 .debug_line    0x00008b48       0x72 build/startup_stm32f103xb.o

.debug_str      0x00000000     0x2f0e
 .debug_str     0x00000000     0x1124 build/main.o
                               0x1278 (size before relaxing)
 .debug_str     0x00001124       0xaf build/stm32f1xx_it.o
                                0x339 (size before relaxing)
 .debug_str     0x000011d3       0xda build/stm32f1xx_hal_msp.o
                                0xa47 (size before relaxing)
 .debug_str     0x000012ad      0x318 build/stm32f1xx_hal_adc.o
                                0x9b9 (size before relaxing)
 .debug_str     0x000015c5      0x272 build/stm32f1xx_hal_adc_ex.o
                                0x96c (size before relaxing)
 .debug_str     0x00001837      0x53c build/stm32f1xx_hal.o
                                0x895 (size before relaxing)
 .debug_str     0x00001d73      0x1e2 build/stm32f1xx_hal_rcc.o
                                0x6ea (size before relaxing)
 .debug_str     0x00001f55       0x81 build/stm32f1xx_hal_rcc_ex.o
                                0x4c9 (size before relaxing)
 .debug_str     0x00001fd6      0x117 build/stm32f1xx_hal_gpio.o
                                0x508 (size before relaxing)
 .debug_str     0x000020ed      0x3b8 build/stm32f1xx_hal_cortex.o
                                0x9b7 (size before relaxing)
 .debug_str     0x000024a5      0x500 build/stm32f1xx_hal_spi.o
                                0xc2c (size before relaxing)
 .debug_str     0x000029a5      0x4fb build/stm32f1xx_hal_uart.o
                                0xc81 (size before relaxing)
 .debug_str     0x00002ea0       0x4a build/system_stm32f1xx.o
                                0x377 (size before relaxing)
 .debug_str     0x00002eea       0x24 build/startup_stm32f103xb.o
                                 0x86 (size before relaxing)

.comment        0x00000000       0x76
 .comment       0x00000000       0x76 build/main.o
                                 0x77 (size before relaxing)
 .comment       0x00000076       0x77 build/stm32f1xx_it.o
 .comment       0x00000076       0x77 build/stm32f1xx_hal_msp.o
 .comment       0x00000076       0x77 build/stm32f1xx_hal_adc.o
 .comment       0x00000076       0x77 build/stm32f1xx_hal_adc_ex.o
 .comment       0x00000076       0x77 build/stm32f1xx_hal.o
 .comment       0x00000076       0x77 build/stm32f1xx_hal_rcc.o
 .comment       0x00000076       0x77 build/stm32f1xx_hal_rcc_ex.o
 .comment       0x00000076       0x77 build/stm32f1xx_hal_gpio.o
 .comment       0x00000076       0x77 build/stm32f1xx_hal_cortex.o
 .comment       0x00000076       0x77 build/stm32f1xx_hal_spi.o
 .comment       0x00000076       0x77 build/stm32f1xx_hal_uart.o
 .comment       0x00000076       0x77 build/system_stm32f1xx.o

.debug_frame    0x00000000     0x2110
 .debug_frame   0x00000000      0x14c build/main.o
 .debug_frame   0x0000014c       0xac build/stm32f1xx_it.o
 .debug_frame   0x000001f8       0xe0 build/stm32f1xx_hal_msp.o
 .debug_frame   0x000002d8      0x31c build/stm32f1xx_hal_adc.o
 .debug_frame   0x000005f4      0x1c4 build/stm32f1xx_hal_adc_ex.o
 .debug_frame   0x000007b8      0x1e0 build/stm32f1xx_hal.o
 .debug_frame   0x00000998      0x1cc build/stm32f1xx_hal_rcc.o
 .debug_frame   0x00000b64       0x74 build/stm32f1xx_hal_rcc_ex.o
 .debug_frame   0x00000bd8      0x104 build/stm32f1xx_hal_gpio.o
 .debug_frame   0x00000cdc      0x13c build/stm32f1xx_hal_cortex.o
 .debug_frame   0x00000e18      0x62c build/stm32f1xx_hal_spi.o
 .debug_frame   0x00001444      0x570 build/stm32f1xx_hal_uart.o
 .debug_frame   0x000019b4       0x30 build/system_stm32f1xx.o
 .debug_frame   0x000019e4       0x2c c:/users/nathan.jones2/miniconda3/envs/conda-env/library/bin/../lib/gcc/arm-none-eabi/8.3.1/../../../../arm-none-eabi/lib/thumb/v7-m/nofp\libc_nano.a(lib_a-init.o)
 .debug_frame   0x00001a10       0x20 c:/users/nathan.jones2/miniconda3/envs/conda-env/library/bin/../lib/gcc/arm-none-eabi/8.3.1/../../../../arm-none-eabi/lib/thumb/v7-m/nofp\libc_nano.a(lib_a-memset.o)
 .debug_frame   0x00001a30       0x6c c:/users/nathan.jones2/miniconda3/envs/conda-env/library/bin/../lib/gcc/arm-none-eabi/8.3.1/../../../../arm-none-eabi/lib/thumb/v7-m/nofp\libc_nano.a(lib_a-sprintf.o)
 .debug_frame   0x00001a9c       0x90 c:/users/nathan.jones2/miniconda3/envs/conda-env/library/bin/../lib/gcc/arm-none-eabi/8.3.1/../../../../arm-none-eabi/lib/thumb/v7-m/nofp\libc_nano.a(lib_a-nano-svfprintf.o)
 .debug_frame   0x00001b2c       0x60 c:/users/nathan.jones2/miniconda3/envs/conda-env/library/bin/../lib/gcc/arm-none-eabi/8.3.1/../../../../arm-none-eabi/lib/thumb/v7-m/nofp\libc_nano.a(lib_a-nano-vfprintf_i.o)
 .debug_frame   0x00001b8c       0x28 c:/users/nathan.jones2/miniconda3/envs/conda-env/library/bin/../lib/gcc/arm-none-eabi/8.3.1/../../../../arm-none-eabi/lib/thumb/v7-m/nofp\libc_nano.a(lib_a-memchr-stub.o)
 .debug_frame   0x00001bb4       0x28 c:/users/nathan.jones2/miniconda3/envs/conda-env/library/bin/../lib/gcc/arm-none-eabi/8.3.1/../../../../arm-none-eabi/lib/thumb/v7-m/nofp\libc_nano.a(lib_a-memcpy-stub.o)
 .debug_frame   0x00001bdc       0x28 c:/users/nathan.jones2/miniconda3/envs/conda-env/library/bin/../lib/gcc/arm-none-eabi/8.3.1/../../../../arm-none-eabi/lib/thumb/v7-m/nofp\libc_nano.a(lib_a-memmove.o)
 .debug_frame   0x00001c04       0x38 c:/users/nathan.jones2/miniconda3/envs/conda-env/library/bin/../lib/gcc/arm-none-eabi/8.3.1/../../../../arm-none-eabi/lib/thumb/v7-m/nofp\libc_nano.a(lib_a-nano-freer.o)
 .debug_frame   0x00001c3c       0x30 c:/users/nathan.jones2/miniconda3/envs/conda-env/library/bin/../lib/gcc/arm-none-eabi/8.3.1/../../../../arm-none-eabi/lib/thumb/v7-m/nofp\libc_nano.a(lib_a-nano-mallocr.o)
 .debug_frame   0x00001c6c       0x3c c:/users/nathan.jones2/miniconda3/envs/conda-env/library/bin/../lib/gcc/arm-none-eabi/8.3.1/../../../../arm-none-eabi/lib/thumb/v7-m/nofp\libc_nano.a(lib_a-nano-reallocr.o)
 .debug_frame   0x00001ca8       0x2c c:/users/nathan.jones2/miniconda3/envs/conda-env/library/bin/../lib/gcc/arm-none-eabi/8.3.1/../../../../arm-none-eabi/lib/thumb/v7-m/nofp\libc_nano.a(lib_a-sbrkr.o)
 .debug_frame   0x00001cd4       0x30 c:/users/nathan.jones2/miniconda3/envs/conda-env/library/bin/../lib/gcc/arm-none-eabi/8.3.1/../../../../arm-none-eabi/lib/thumb/v7-m/nofp\libc_nano.a(lib_a-mlock.o)
 .debug_frame   0x00001d04       0x20 c:/users/nathan.jones2/miniconda3/envs/conda-env/library/bin/../lib/gcc/arm-none-eabi/8.3.1/../../../../arm-none-eabi/lib/thumb/v7-m/nofp\libc_nano.a(lib_a-nano-msizer.o)
 .debug_frame   0x00001d24       0x5c c:/users/nathan.jones2/miniconda3/envs/conda-env/library/bin/../lib/gcc/arm-none-eabi/8.3.1/../../../../arm-none-eabi/lib/thumb/v7-m/nofp\libc_nano.a(lib_a-reent.o)
 .debug_frame   0x00001d80       0xb0 c:/users/nathan.jones2/miniconda3/envs/conda-env/library/bin/../lib/gcc/arm-none-eabi/8.3.1/../../../../arm-none-eabi/lib/thumb/v7-m/nofp\libc_nano.a(lib_a-lock.o)
 .debug_frame   0x00001e30       0x30 c:/users/nathan.jones2/miniconda3/envs/conda-env/library/bin/../lib/gcc/arm-none-eabi/8.3.1/../../../../arm-none-eabi/lib/thumb/v7-m/nofp\libm.a(lib_a-s_round.o)
 .debug_frame   0x00001e60       0x20 c:/users/nathan.jones2/miniconda3/envs/conda-env/library/bin/../lib/gcc/arm-none-eabi/8.3.1/../../../../arm-none-eabi/lib/thumb/v7-m/nofp\libnosys.a(sbrk.o)
 .debug_frame   0x00001e80       0xac c:/users/nathan.jones2/miniconda3/envs/conda-env/library/bin/../lib/gcc/arm-none-eabi/8.3.1/thumb/v7-m/nofp\libgcc.a(_arm_addsubdf3.o)
 .debug_frame   0x00001f2c       0x50 c:/users/nathan.jones2/miniconda3/envs/conda-env/library/bin/../lib/gcc/arm-none-eabi/8.3.1/thumb/v7-m/nofp\libgcc.a(_arm_muldivdf3.o)
 .debug_frame   0x00001f7c       0x24 c:/users/nathan.jones2/miniconda3/envs/conda-env/library/bin/../lib/gcc/arm-none-eabi/8.3.1/thumb/v7-m/nofp\libgcc.a(_arm_fixunsdfsi.o)
 .debug_frame   0x00001fa0       0x24 c:/users/nathan.jones2/miniconda3/envs/conda-env/library/bin/../lib/gcc/arm-none-eabi/8.3.1/thumb/v7-m/nofp\libgcc.a(_arm_truncdfsf2.o)
 .debug_frame   0x00001fc4       0x4c c:/users/nathan.jones2/miniconda3/envs/conda-env/library/bin/../lib/gcc/arm-none-eabi/8.3.1/thumb/v7-m/nofp\libgcc.a(_arm_addsubsf3.o)
 .debug_frame   0x00002010       0x38 c:/users/nathan.jones2/miniconda3/envs/conda-env/library/bin/../lib/gcc/arm-none-eabi/8.3.1/thumb/v7-m/nofp\libgcc.a(_arm_muldivsf3.o)
 .debug_frame   0x00002048       0xc8 c:/users/nathan.jones2/miniconda3/envs/conda-env/library/bin/../lib/gcc/arm-none-eabi/8.3.1/thumb/v7-m/nofp\libgcc.a(_arm_cmpsf2.o)

Cross Reference Table

Symbol                                            File
ADC1_2_IRQHandler                                 build/startup_stm32f103xb.o
ADC_ConversionStop_Disable                        build/stm32f1xx_hal_adc.o
                                                  build/stm32f1xx_hal_adc_ex.o
ADC_DMAConvCplt                                   build/stm32f1xx_hal_adc.o
                                                  build/stm32f1xx_hal_adc_ex.o
ADC_DMAError                                      build/stm32f1xx_hal_adc.o
                                                  build/stm32f1xx_hal_adc_ex.o
ADC_DMAHalfConvCplt                               build/stm32f1xx_hal_adc.o
                                                  build/stm32f1xx_hal_adc_ex.o
ADC_Enable                                        build/stm32f1xx_hal_adc.o
                                                  build/stm32f1xx_hal_adc_ex.o
AHBPrescTable                                     build/system_stm32f1xx.o
                                                  build/stm32f1xx_hal_rcc.o
APBPrescTable                                     build/system_stm32f1xx.o
                                                  build/stm32f1xx_hal_rcc.o
BusFault_Handler                                  build/stm32f1xx_it.o
CAN1_RX1_IRQHandler                               build/startup_stm32f103xb.o
CAN1_SCE_IRQHandler                               build/startup_stm32f103xb.o
DMA1_Channel1_IRQHandler                          build/startup_stm32f103xb.o
DMA1_Channel2_IRQHandler                          build/startup_stm32f103xb.o
DMA1_Channel3_IRQHandler                          build/startup_stm32f103xb.o
DMA1_Channel4_IRQHandler                          build/startup_stm32f103xb.o
DMA1_Channel5_IRQHandler                          build/startup_stm32f103xb.o
DMA1_Channel6_IRQHandler                          build/startup_stm32f103xb.o
DMA1_Channel7_IRQHandler                          build/startup_stm32f103xb.o
DebugMon_Handler                                  build/stm32f1xx_it.o
Default_Handler                                   build/startup_stm32f103xb.o
EXTI0_IRQHandler                                  build/startup_stm32f103xb.o
EXTI15_10_IRQHandler                              build/startup_stm32f103xb.o
EXTI1_IRQHandler                                  build/startup_stm32f103xb.o
EXTI2_IRQHandler                                  build/startup_stm32f103xb.o
EXTI3_IRQHandler                                  build/startup_stm32f103xb.o
EXTI4_IRQHandler                                  build/startup_stm32f103xb.o
EXTI9_5_IRQHandler                                build/startup_stm32f103xb.o
Error_Handler                                     build/main.o
FLASH_IRQHandler                                  build/startup_stm32f103xb.o
FLASH_PageErase                                   build/stm32f1xx_hal_flash_ex.o
                                                  build/stm32f1xx_hal_flash.o
FLASH_WaitForLastOperation                        build/stm32f1xx_hal_flash.o
                                                  build/stm32f1xx_hal_flash_ex.o
HAL_ADCEx_Calibration_Start                       build/stm32f1xx_hal_adc_ex.o
                                                  build/main.o
HAL_ADCEx_InjectedConfigChannel                   build/stm32f1xx_hal_adc_ex.o
HAL_ADCEx_InjectedConvCpltCallback                build/stm32f1xx_hal_adc_ex.o
                                                  build/stm32f1xx_hal_adc.o
HAL_ADCEx_InjectedGetValue                        build/stm32f1xx_hal_adc_ex.o
HAL_ADCEx_InjectedPollForConversion               build/stm32f1xx_hal_adc_ex.o
HAL_ADCEx_InjectedStart                           build/stm32f1xx_hal_adc_ex.o
HAL_ADCEx_InjectedStart_IT                        build/stm32f1xx_hal_adc_ex.o
HAL_ADCEx_InjectedStop                            build/stm32f1xx_hal_adc_ex.o
HAL_ADCEx_InjectedStop_IT                         build/stm32f1xx_hal_adc_ex.o
HAL_ADCEx_MultiModeConfigChannel                  build/stm32f1xx_hal_adc_ex.o
HAL_ADCEx_MultiModeGetValue                       build/stm32f1xx_hal_adc_ex.o
HAL_ADCEx_MultiModeStart_DMA                      build/stm32f1xx_hal_adc_ex.o
HAL_ADCEx_MultiModeStop_DMA                       build/stm32f1xx_hal_adc_ex.o
HAL_ADC_AnalogWDGConfig                           build/stm32f1xx_hal_adc.o
HAL_ADC_ConfigChannel                             build/stm32f1xx_hal_adc.o
                                                  build/main.o
HAL_ADC_ConvCpltCallback                          build/stm32f1xx_hal_adc.o
HAL_ADC_ConvHalfCpltCallback                      build/stm32f1xx_hal_adc.o
HAL_ADC_DeInit                                    build/stm32f1xx_hal_adc.o
HAL_ADC_ErrorCallback                             build/stm32f1xx_hal_adc.o
HAL_ADC_GetError                                  build/stm32f1xx_hal_adc.o
HAL_ADC_GetState                                  build/stm32f1xx_hal_adc.o
HAL_ADC_GetValue                                  build/stm32f1xx_hal_adc.o
                                                  build/main.o
HAL_ADC_IRQHandler                                build/stm32f1xx_hal_adc.o
HAL_ADC_Init                                      build/stm32f1xx_hal_adc.o
                                                  build/main.o
HAL_ADC_LevelOutOfWindowCallback                  build/stm32f1xx_hal_adc.o
HAL_ADC_MspDeInit                                 build/stm32f1xx_hal_msp.o
HAL_ADC_MspInit                                   build/stm32f1xx_hal_msp.o
HAL_ADC_PollForConversion                         build/stm32f1xx_hal_adc.o
                                                  build/main.o
HAL_ADC_PollForEvent                              build/stm32f1xx_hal_adc.o
HAL_ADC_Start                                     build/stm32f1xx_hal_adc.o
                                                  build/main.o
HAL_ADC_Start_DMA                                 build/stm32f1xx_hal_adc.o
HAL_ADC_Start_IT                                  build/stm32f1xx_hal_adc.o
HAL_ADC_Stop                                      build/stm32f1xx_hal_adc.o
HAL_ADC_Stop_DMA                                  build/stm32f1xx_hal_adc.o
HAL_ADC_Stop_IT                                   build/stm32f1xx_hal_adc.o
HAL_DBGMCU_DisableDBGSleepMode                    build/stm32f1xx_hal.o
HAL_DBGMCU_DisableDBGStandbyMode                  build/stm32f1xx_hal.o
HAL_DBGMCU_DisableDBGStopMode                     build/stm32f1xx_hal.o
HAL_DBGMCU_EnableDBGSleepMode                     build/stm32f1xx_hal.o
HAL_DBGMCU_EnableDBGStandbyMode                   build/stm32f1xx_hal.o
HAL_DBGMCU_EnableDBGStopMode                      build/stm32f1xx_hal.o
HAL_DMA_Abort                                     build/stm32f1xx_hal_dma.o
                                                  build/stm32f1xx_hal_uart.o
                                                  build/stm32f1xx_hal_spi.o
                                                  build/stm32f1xx_hal_adc_ex.o
                                                  build/stm32f1xx_hal_adc.o
HAL_DMA_Abort_IT                                  build/stm32f1xx_hal_dma.o
                                                  build/stm32f1xx_hal_uart.o
                                                  build/stm32f1xx_hal_spi.o
HAL_DMA_DeInit                                    build/stm32f1xx_hal_dma.o
HAL_DMA_GetError                                  build/stm32f1xx_hal_dma.o
                                                  build/stm32f1xx_hal_uart.o
HAL_DMA_GetState                                  build/stm32f1xx_hal_dma.o
HAL_DMA_IRQHandler                                build/stm32f1xx_hal_dma.o
HAL_DMA_Init                                      build/stm32f1xx_hal_dma.o
HAL_DMA_PollForTransfer                           build/stm32f1xx_hal_dma.o
HAL_DMA_RegisterCallback                          build/stm32f1xx_hal_dma.o
HAL_DMA_Start                                     build/stm32f1xx_hal_dma.o
HAL_DMA_Start_IT                                  build/stm32f1xx_hal_dma.o
                                                  build/stm32f1xx_hal_uart.o
                                                  build/stm32f1xx_hal_spi.o
                                                  build/stm32f1xx_hal_adc_ex.o
                                                  build/stm32f1xx_hal_adc.o
HAL_DMA_UnRegisterCallback                        build/stm32f1xx_hal_dma.o
HAL_DeInit                                        build/stm32f1xx_hal.o
HAL_Delay                                         build/stm32f1xx_hal.o
                                                  build/main.o
HAL_EXTI_ClearConfigLine                          build/stm32f1xx_hal_exti.o
HAL_EXTI_ClearPending                             build/stm32f1xx_hal_exti.o
HAL_EXTI_GenerateSWI                              build/stm32f1xx_hal_exti.o
HAL_EXTI_GetConfigLine                            build/stm32f1xx_hal_exti.o
HAL_EXTI_GetHandle                                build/stm32f1xx_hal_exti.o
HAL_EXTI_GetPending                               build/stm32f1xx_hal_exti.o
HAL_EXTI_IRQHandler                               build/stm32f1xx_hal_exti.o
HAL_EXTI_RegisterCallback                         build/stm32f1xx_hal_exti.o
HAL_EXTI_SetConfigLine                            build/stm32f1xx_hal_exti.o
HAL_FLASHEx_Erase                                 build/stm32f1xx_hal_flash_ex.o
HAL_FLASHEx_Erase_IT                              build/stm32f1xx_hal_flash_ex.o
HAL_FLASHEx_OBErase                               build/stm32f1xx_hal_flash_ex.o
HAL_FLASHEx_OBGetConfig                           build/stm32f1xx_hal_flash_ex.o
HAL_FLASHEx_OBGetUserData                         build/stm32f1xx_hal_flash_ex.o
HAL_FLASHEx_OBProgram                             build/stm32f1xx_hal_flash_ex.o
HAL_FLASH_EndOfOperationCallback                  build/stm32f1xx_hal_flash.o
HAL_FLASH_GetError                                build/stm32f1xx_hal_flash.o
HAL_FLASH_IRQHandler                              build/stm32f1xx_hal_flash.o
HAL_FLASH_Lock                                    build/stm32f1xx_hal_flash.o
HAL_FLASH_OB_Launch                               build/stm32f1xx_hal_flash.o
HAL_FLASH_OB_Lock                                 build/stm32f1xx_hal_flash.o
HAL_FLASH_OB_Unlock                               build/stm32f1xx_hal_flash.o
HAL_FLASH_OperationErrorCallback                  build/stm32f1xx_hal_flash.o
HAL_FLASH_Program                                 build/stm32f1xx_hal_flash.o
HAL_FLASH_Program_IT                              build/stm32f1xx_hal_flash.o
HAL_FLASH_Unlock                                  build/stm32f1xx_hal_flash.o
HAL_GPIOEx_ConfigEventout                         build/stm32f1xx_hal_gpio_ex.o
HAL_GPIOEx_DisableEventout                        build/stm32f1xx_hal_gpio_ex.o
HAL_GPIOEx_EnableEventout                         build/stm32f1xx_hal_gpio_ex.o
HAL_GPIO_DeInit                                   build/stm32f1xx_hal_gpio.o
                                                  build/stm32f1xx_hal_msp.o
HAL_GPIO_EXTI_Callback                            build/stm32f1xx_hal_gpio.o
HAL_GPIO_EXTI_IRQHandler                          build/stm32f1xx_hal_gpio.o
HAL_GPIO_Init                                     build/stm32f1xx_hal_gpio.o
                                                  build/stm32f1xx_hal_rcc.o
                                                  build/stm32f1xx_hal_msp.o
                                                  build/main.o
HAL_GPIO_LockPin                                  build/stm32f1xx_hal_gpio.o
HAL_GPIO_ReadPin                                  build/stm32f1xx_hal_gpio.o
HAL_GPIO_TogglePin                                build/stm32f1xx_hal_gpio.o
HAL_GPIO_WritePin                                 build/stm32f1xx_hal_gpio.o
                                                  build/main.o
HAL_GetDEVID                                      build/stm32f1xx_hal.o
HAL_GetHalVersion                                 build/stm32f1xx_hal.o
HAL_GetREVID                                      build/stm32f1xx_hal.o
HAL_GetTick                                       build/stm32f1xx_hal.o
                                                  build/stm32f1xx_hal_uart.o
                                                  build/stm32f1xx_hal_spi.o
                                                  build/stm32f1xx_hal_flash.o
                                                  build/stm32f1xx_hal_dma.o
                                                  build/stm32f1xx_hal_rcc_ex.o
                                                  build/stm32f1xx_hal_rcc.o
                                                  build/stm32f1xx_hal_adc_ex.o
                                                  build/stm32f1xx_hal_adc.o
                                                  build/main.o
HAL_GetTickFreq                                   build/stm32f1xx_hal.o
HAL_GetTickPrio                                   build/stm32f1xx_hal.o
HAL_GetUIDw0                                      build/stm32f1xx_hal.o
HAL_GetUIDw1                                      build/stm32f1xx_hal.o
HAL_GetUIDw2                                      build/stm32f1xx_hal.o
HAL_HalfDuplex_EnableReceiver                     build/stm32f1xx_hal_uart.o
HAL_HalfDuplex_EnableTransmitter                  build/stm32f1xx_hal_uart.o
HAL_HalfDuplex_Init                               build/stm32f1xx_hal_uart.o
HAL_IncTick                                       build/stm32f1xx_hal.o
                                                  build/stm32f1xx_it.o
HAL_Init                                          build/stm32f1xx_hal.o
                                                  build/main.o
HAL_InitTick                                      build/stm32f1xx_hal.o
                                                  build/stm32f1xx_hal_rcc.o
HAL_LIN_Init                                      build/stm32f1xx_hal_uart.o
HAL_LIN_SendBreak                                 build/stm32f1xx_hal_uart.o
HAL_MspDeInit                                     build/stm32f1xx_hal.o
HAL_MspInit                                       build/stm32f1xx_hal_msp.o
HAL_MultiProcessor_EnterMuteMode                  build/stm32f1xx_hal_uart.o
HAL_MultiProcessor_ExitMuteMode                   build/stm32f1xx_hal_uart.o
HAL_MultiProcessor_Init                           build/stm32f1xx_hal_uart.o
HAL_NVIC_ClearPendingIRQ                          build/stm32f1xx_hal_cortex.o
HAL_NVIC_DisableIRQ                               build/stm32f1xx_hal_cortex.o
HAL_NVIC_EnableIRQ                                build/stm32f1xx_hal_cortex.o
HAL_NVIC_GetActive                                build/stm32f1xx_hal_cortex.o
HAL_NVIC_GetPendingIRQ                            build/stm32f1xx_hal_cortex.o
HAL_NVIC_GetPriority                              build/stm32f1xx_hal_cortex.o
HAL_NVIC_GetPriorityGrouping                      build/stm32f1xx_hal_cortex.o
HAL_NVIC_SetPendingIRQ                            build/stm32f1xx_hal_cortex.o
HAL_NVIC_SetPriority                              build/stm32f1xx_hal_cortex.o
                                                  build/stm32f1xx_hal.o
HAL_NVIC_SetPriorityGrouping                      build/stm32f1xx_hal_cortex.o
                                                  build/stm32f1xx_hal.o
HAL_NVIC_SystemReset                              build/stm32f1xx_hal_cortex.o
                                                  build/stm32f1xx_hal_flash.o
HAL_PWR_ConfigPVD                                 build/stm32f1xx_hal_pwr.o
HAL_PWR_DeInit                                    build/stm32f1xx_hal_pwr.o
HAL_PWR_DisableBkUpAccess                         build/stm32f1xx_hal_pwr.o
HAL_PWR_DisablePVD                                build/stm32f1xx_hal_pwr.o
HAL_PWR_DisableSEVOnPend                          build/stm32f1xx_hal_pwr.o
HAL_PWR_DisableSleepOnExit                        build/stm32f1xx_hal_pwr.o
HAL_PWR_DisableWakeUpPin                          build/stm32f1xx_hal_pwr.o
HAL_PWR_EnableBkUpAccess                          build/stm32f1xx_hal_pwr.o
HAL_PWR_EnablePVD                                 build/stm32f1xx_hal_pwr.o
HAL_PWR_EnableSEVOnPend                           build/stm32f1xx_hal_pwr.o
HAL_PWR_EnableSleepOnExit                         build/stm32f1xx_hal_pwr.o
HAL_PWR_EnableWakeUpPin                           build/stm32f1xx_hal_pwr.o
HAL_PWR_EnterSLEEPMode                            build/stm32f1xx_hal_pwr.o
HAL_PWR_EnterSTANDBYMode                          build/stm32f1xx_hal_pwr.o
HAL_PWR_EnterSTOPMode                             build/stm32f1xx_hal_pwr.o
HAL_PWR_PVDCallback                               build/stm32f1xx_hal_pwr.o
HAL_PWR_PVD_IRQHandler                            build/stm32f1xx_hal_pwr.o
HAL_RCCEx_GetPeriphCLKConfig                      build/stm32f1xx_hal_rcc_ex.o
HAL_RCCEx_GetPeriphCLKFreq                        build/stm32f1xx_hal_rcc_ex.o
                                                  build/stm32f1xx_hal_adc_ex.o
                                                  build/stm32f1xx_hal_adc.o
HAL_RCCEx_PeriphCLKConfig                         build/stm32f1xx_hal_rcc_ex.o
                                                  build/main.o
HAL_RCC_CSSCallback                               build/stm32f1xx_hal_rcc.o
HAL_RCC_ClockConfig                               build/stm32f1xx_hal_rcc.o
                                                  build/main.o
HAL_RCC_DeInit                                    build/stm32f1xx_hal_rcc.o
HAL_RCC_DisableCSS                                build/stm32f1xx_hal_rcc.o
HAL_RCC_EnableCSS                                 build/stm32f1xx_hal_rcc.o
HAL_RCC_GetClockConfig                            build/stm32f1xx_hal_rcc.o
HAL_RCC_GetHCLKFreq                               build/stm32f1xx_hal_rcc.o
HAL_RCC_GetOscConfig                              build/stm32f1xx_hal_rcc.o
HAL_RCC_GetPCLK1Freq                              build/stm32f1xx_hal_rcc.o
                                                  build/stm32f1xx_hal_uart.o
HAL_RCC_GetPCLK2Freq                              build/stm32f1xx_hal_rcc.o
                                                  build/stm32f1xx_hal_uart.o
                                                  build/stm32f1xx_hal_rcc_ex.o
HAL_RCC_GetSysClockFreq                           build/stm32f1xx_hal_rcc.o
HAL_RCC_MCOConfig                                 build/stm32f1xx_hal_rcc.o
HAL_RCC_NMI_IRQHandler                            build/stm32f1xx_hal_rcc.o
HAL_RCC_OscConfig                                 build/stm32f1xx_hal_rcc.o
                                                  build/main.o
HAL_ResumeTick                                    build/stm32f1xx_hal.o
HAL_SPI_Abort                                     build/stm32f1xx_hal_spi.o
HAL_SPI_AbortCpltCallback                         build/stm32f1xx_hal_spi.o
HAL_SPI_Abort_IT                                  build/stm32f1xx_hal_spi.o
HAL_SPI_DMAPause                                  build/stm32f1xx_hal_spi.o
HAL_SPI_DMAResume                                 build/stm32f1xx_hal_spi.o
HAL_SPI_DMAStop                                   build/stm32f1xx_hal_spi.o
HAL_SPI_DeInit                                    build/stm32f1xx_hal_spi.o
HAL_SPI_ErrorCallback                             build/stm32f1xx_hal_spi.o
HAL_SPI_GetError                                  build/stm32f1xx_hal_spi.o
HAL_SPI_GetState                                  build/stm32f1xx_hal_spi.o
HAL_SPI_IRQHandler                                build/stm32f1xx_hal_spi.o
HAL_SPI_Init                                      build/stm32f1xx_hal_spi.o
                                                  build/main.o
HAL_SPI_MspDeInit                                 build/stm32f1xx_hal_msp.o
HAL_SPI_MspInit                                   build/stm32f1xx_hal_msp.o
HAL_SPI_Receive                                   build/stm32f1xx_hal_spi.o
HAL_SPI_Receive_DMA                               build/stm32f1xx_hal_spi.o
HAL_SPI_Receive_IT                                build/stm32f1xx_hal_spi.o
HAL_SPI_RxCpltCallback                            build/stm32f1xx_hal_spi.o
HAL_SPI_RxHalfCpltCallback                        build/stm32f1xx_hal_spi.o
HAL_SPI_Transmit                                  build/stm32f1xx_hal_spi.o
                                                  build/main.o
HAL_SPI_TransmitReceive                           build/stm32f1xx_hal_spi.o
HAL_SPI_TransmitReceive_DMA                       build/stm32f1xx_hal_spi.o
HAL_SPI_TransmitReceive_IT                        build/stm32f1xx_hal_spi.o
HAL_SPI_Transmit_DMA                              build/stm32f1xx_hal_spi.o
HAL_SPI_Transmit_IT                               build/stm32f1xx_hal_spi.o
HAL_SPI_TxCpltCallback                            build/stm32f1xx_hal_spi.o
HAL_SPI_TxHalfCpltCallback                        build/stm32f1xx_hal_spi.o
HAL_SPI_TxRxCpltCallback                          build/stm32f1xx_hal_spi.o
HAL_SPI_TxRxHalfCpltCallback                      build/stm32f1xx_hal_spi.o
HAL_SYSTICK_CLKSourceConfig                       build/stm32f1xx_hal_cortex.o
HAL_SYSTICK_Callback                              build/stm32f1xx_hal_cortex.o
HAL_SYSTICK_Config                                build/stm32f1xx_hal_cortex.o
                                                  build/stm32f1xx_hal.o
HAL_SYSTICK_IRQHandler                            build/stm32f1xx_hal_cortex.o
HAL_SetTickFreq                                   build/stm32f1xx_hal.o
HAL_SuspendTick                                   build/stm32f1xx_hal.o
HAL_UART_Abort                                    build/stm32f1xx_hal_uart.o
HAL_UART_AbortCpltCallback                        build/stm32f1xx_hal_uart.o
HAL_UART_AbortReceive                             build/stm32f1xx_hal_uart.o
HAL_UART_AbortReceiveCpltCallback                 build/stm32f1xx_hal_uart.o
HAL_UART_AbortReceive_IT                          build/stm32f1xx_hal_uart.o
HAL_UART_AbortTransmit                            build/stm32f1xx_hal_uart.o
HAL_UART_AbortTransmitCpltCallback                build/stm32f1xx_hal_uart.o
HAL_UART_AbortTransmit_IT                         build/stm32f1xx_hal_uart.o
HAL_UART_Abort_IT                                 build/stm32f1xx_hal_uart.o
HAL_UART_DMAPause                                 build/stm32f1xx_hal_uart.o
HAL_UART_DMAResume                                build/stm32f1xx_hal_uart.o
HAL_UART_DMAStop                                  build/stm32f1xx_hal_uart.o
HAL_UART_DeInit                                   build/stm32f1xx_hal_uart.o
HAL_UART_ErrorCallback                            build/stm32f1xx_hal_uart.o
HAL_UART_GetError                                 build/stm32f1xx_hal_uart.o
HAL_UART_GetState                                 build/stm32f1xx_hal_uart.o
HAL_UART_IRQHandler                               build/stm32f1xx_hal_uart.o
HAL_UART_Init                                     build/stm32f1xx_hal_uart.o
                                                  build/main.o
HAL_UART_MspDeInit                                build/stm32f1xx_hal_msp.o
HAL_UART_MspInit                                  build/stm32f1xx_hal_msp.o
HAL_UART_Receive                                  build/stm32f1xx_hal_uart.o
HAL_UART_Receive_DMA                              build/stm32f1xx_hal_uart.o
HAL_UART_Receive_IT                               build/stm32f1xx_hal_uart.o
HAL_UART_RxCpltCallback                           build/stm32f1xx_hal_uart.o
HAL_UART_RxHalfCpltCallback                       build/stm32f1xx_hal_uart.o
HAL_UART_Transmit                                 build/stm32f1xx_hal_uart.o
                                                  build/main.o
HAL_UART_Transmit_DMA                             build/stm32f1xx_hal_uart.o
HAL_UART_Transmit_IT                              build/stm32f1xx_hal_uart.o
HAL_UART_TxCpltCallback                           build/stm32f1xx_hal_uart.o
HAL_UART_TxHalfCpltCallback                       build/stm32f1xx_hal_uart.o
HardFault_Handler                                 build/stm32f1xx_it.o
I2C1_ER_IRQHandler                                build/startup_stm32f103xb.o
I2C1_EV_IRQHandler                                build/startup_stm32f103xb.o
I2C2_ER_IRQHandler                                build/startup_stm32f103xb.o
I2C2_EV_IRQHandler                                build/startup_stm32f103xb.o
MemManage_Handler                                 build/stm32f1xx_it.o
NMI_Handler                                       build/stm32f1xx_it.o
PVD_IRQHandler                                    build/startup_stm32f103xb.o
PendSV_Handler                                    build/stm32f1xx_it.o
RCC_IRQHandler                                    build/startup_stm32f103xb.o
RTC_Alarm_IRQHandler                              build/startup_stm32f103xb.o
RTC_IRQHandler                                    build/startup_stm32f103xb.o
Reset_Handler                                     build/startup_stm32f103xb.o
SPI1_IRQHandler                                   build/startup_stm32f103xb.o
SPI2_IRQHandler                                   build/startup_stm32f103xb.o
SVC_Handler                                       build/stm32f1xx_it.o
SysTick_Handler                                   build/stm32f1xx_it.o
SystemClock_Config                                build/main.o
SystemCoreClock                                   build/system_stm32f1xx.o
                                                  build/stm32f1xx_hal_spi.o
                                                  build/stm32f1xx_hal_rcc.o
                                                  build/stm32f1xx_hal.o
                                                  build/stm32f1xx_hal_adc_ex.o
                                                  build/stm32f1xx_hal_adc.o
SystemCoreClockUpdate                             build/system_stm32f1xx.o
SystemInit                                        build/system_stm32f1xx.o
                                                  build/startup_stm32f103xb.o
TAMPER_IRQHandler                                 build/startup_stm32f103xb.o
TIM1_BRK_IRQHandler                               build/startup_stm32f103xb.o
TIM1_CC_IRQHandler                                build/startup_stm32f103xb.o
TIM1_TRG_COM_IRQHandler                           build/startup_stm32f103xb.o
TIM1_UP_IRQHandler                                build/startup_stm32f103xb.o
TIM2_IRQHandler                                   build/startup_stm32f103xb.o
TIM3_IRQHandler                                   build/startup_stm32f103xb.o
TIM4_IRQHandler                                   build/startup_stm32f103xb.o
USART1_IRQHandler                                 build/startup_stm32f103xb.o
USART2_IRQHandler                                 build/startup_stm32f103xb.o
USART3_IRQHandler                                 build/startup_stm32f103xb.o
USBWakeUp_IRQHandler                              build/startup_stm32f103xb.o
USB_HP_CAN1_TX_IRQHandler                         build/startup_stm32f103xb.o
USB_LP_CAN1_RX0_IRQHandler                        build/startup_stm32f103xb.o
UsageFault_Handler                                build/stm32f1xx_it.o
WWDG_IRQHandler                                   build/startup_stm32f103xb.o
__adddf3                                          c:/users/nathan.jones2/miniconda3/envs/conda-env/library/bin/../lib/gcc/arm-none-eabi/8.3.1/thumb/v7-m/nofp\libgcc.a(_arm_addsubdf3.o)
__addsf3                                          c:/users/nathan.jones2/miniconda3/envs/conda-env/library/bin/../lib/gcc/arm-none-eabi/8.3.1/thumb/v7-m/nofp\libgcc.a(_arm_addsubsf3.o)
__aeabi_cfcmpeq                                   c:/users/nathan.jones2/miniconda3/envs/conda-env/library/bin/../lib/gcc/arm-none-eabi/8.3.1/thumb/v7-m/nofp\libgcc.a(_arm_cmpsf2.o)
__aeabi_cfcmple                                   c:/users/nathan.jones2/miniconda3/envs/conda-env/library/bin/../lib/gcc/arm-none-eabi/8.3.1/thumb/v7-m/nofp\libgcc.a(_arm_cmpsf2.o)
__aeabi_cfrcmple                                  c:/users/nathan.jones2/miniconda3/envs/conda-env/library/bin/../lib/gcc/arm-none-eabi/8.3.1/thumb/v7-m/nofp\libgcc.a(_arm_cmpsf2.o)
__aeabi_d2f                                       c:/users/nathan.jones2/miniconda3/envs/conda-env/library/bin/../lib/gcc/arm-none-eabi/8.3.1/thumb/v7-m/nofp\libgcc.a(_arm_truncdfsf2.o)
                                                  build/main.o
__aeabi_d2uiz                                     c:/users/nathan.jones2/miniconda3/envs/conda-env/library/bin/../lib/gcc/arm-none-eabi/8.3.1/thumb/v7-m/nofp\libgcc.a(_arm_fixunsdfsi.o)
                                                  build/main.o
__aeabi_dadd                                      c:/users/nathan.jones2/miniconda3/envs/conda-env/library/bin/../lib/gcc/arm-none-eabi/8.3.1/thumb/v7-m/nofp\libgcc.a(_arm_addsubdf3.o)
                                                  c:/users/nathan.jones2/miniconda3/envs/conda-env/library/bin/../lib/gcc/arm-none-eabi/8.3.1/../../../../arm-none-eabi/lib/thumb/v7-m/nofp\libm.a(lib_a-s_round.o)
__aeabi_ddiv                                      c:/users/nathan.jones2/miniconda3/envs/conda-env/library/bin/../lib/gcc/arm-none-eabi/8.3.1/thumb/v7-m/nofp\libgcc.a(_arm_muldivdf3.o)
                                                  build/main.o
__aeabi_dmul                                      c:/users/nathan.jones2/miniconda3/envs/conda-env/library/bin/../lib/gcc/arm-none-eabi/8.3.1/thumb/v7-m/nofp\libgcc.a(_arm_muldivdf3.o)
__aeabi_drsub                                     c:/users/nathan.jones2/miniconda3/envs/conda-env/library/bin/../lib/gcc/arm-none-eabi/8.3.1/thumb/v7-m/nofp\libgcc.a(_arm_addsubdf3.o)
__aeabi_dsub                                      c:/users/nathan.jones2/miniconda3/envs/conda-env/library/bin/../lib/gcc/arm-none-eabi/8.3.1/thumb/v7-m/nofp\libgcc.a(_arm_addsubdf3.o)
__aeabi_f2d                                       c:/users/nathan.jones2/miniconda3/envs/conda-env/library/bin/../lib/gcc/arm-none-eabi/8.3.1/thumb/v7-m/nofp\libgcc.a(_arm_addsubdf3.o)
                                                  build/main.o
__aeabi_fadd                                      c:/users/nathan.jones2/miniconda3/envs/conda-env/library/bin/../lib/gcc/arm-none-eabi/8.3.1/thumb/v7-m/nofp\libgcc.a(_arm_addsubsf3.o)
__aeabi_fcmpeq                                    c:/users/nathan.jones2/miniconda3/envs/conda-env/library/bin/../lib/gcc/arm-none-eabi/8.3.1/thumb/v7-m/nofp\libgcc.a(_arm_cmpsf2.o)
__aeabi_fcmpge                                    c:/users/nathan.jones2/miniconda3/envs/conda-env/library/bin/../lib/gcc/arm-none-eabi/8.3.1/thumb/v7-m/nofp\libgcc.a(_arm_cmpsf2.o)
__aeabi_fcmpgt                                    c:/users/nathan.jones2/miniconda3/envs/conda-env/library/bin/../lib/gcc/arm-none-eabi/8.3.1/thumb/v7-m/nofp\libgcc.a(_arm_cmpsf2.o)
__aeabi_fcmple                                    c:/users/nathan.jones2/miniconda3/envs/conda-env/library/bin/../lib/gcc/arm-none-eabi/8.3.1/thumb/v7-m/nofp\libgcc.a(_arm_cmpsf2.o)
__aeabi_fcmplt                                    c:/users/nathan.jones2/miniconda3/envs/conda-env/library/bin/../lib/gcc/arm-none-eabi/8.3.1/thumb/v7-m/nofp\libgcc.a(_arm_cmpsf2.o)
                                                  build/main.o
__aeabi_fdiv                                      c:/users/nathan.jones2/miniconda3/envs/conda-env/library/bin/../lib/gcc/arm-none-eabi/8.3.1/thumb/v7-m/nofp\libgcc.a(_arm_muldivsf3.o)
                                                  build/main.o
__aeabi_fmul                                      c:/users/nathan.jones2/miniconda3/envs/conda-env/library/bin/../lib/gcc/arm-none-eabi/8.3.1/thumb/v7-m/nofp\libgcc.a(_arm_muldivsf3.o)
                                                  build/main.o
__aeabi_frsub                                     c:/users/nathan.jones2/miniconda3/envs/conda-env/library/bin/../lib/gcc/arm-none-eabi/8.3.1/thumb/v7-m/nofp\libgcc.a(_arm_addsubsf3.o)
__aeabi_fsub                                      c:/users/nathan.jones2/miniconda3/envs/conda-env/library/bin/../lib/gcc/arm-none-eabi/8.3.1/thumb/v7-m/nofp\libgcc.a(_arm_addsubsf3.o)
                                                  build/main.o
__aeabi_i2d                                       c:/users/nathan.jones2/miniconda3/envs/conda-env/library/bin/../lib/gcc/arm-none-eabi/8.3.1/thumb/v7-m/nofp\libgcc.a(_arm_addsubdf3.o)
__aeabi_i2f                                       c:/users/nathan.jones2/miniconda3/envs/conda-env/library/bin/../lib/gcc/arm-none-eabi/8.3.1/thumb/v7-m/nofp\libgcc.a(_arm_addsubsf3.o)
                                                  build/main.o
__aeabi_l2d                                       c:/users/nathan.jones2/miniconda3/envs/conda-env/library/bin/../lib/gcc/arm-none-eabi/8.3.1/thumb/v7-m/nofp\libgcc.a(_arm_addsubdf3.o)
__aeabi_l2f                                       c:/users/nathan.jones2/miniconda3/envs/conda-env/library/bin/../lib/gcc/arm-none-eabi/8.3.1/thumb/v7-m/nofp\libgcc.a(_arm_addsubsf3.o)
__aeabi_ui2d                                      c:/users/nathan.jones2/miniconda3/envs/conda-env/library/bin/../lib/gcc/arm-none-eabi/8.3.1/thumb/v7-m/nofp\libgcc.a(_arm_addsubdf3.o)
__aeabi_ui2f                                      c:/users/nathan.jones2/miniconda3/envs/conda-env/library/bin/../lib/gcc/arm-none-eabi/8.3.1/thumb/v7-m/nofp\libgcc.a(_arm_addsubsf3.o)
__aeabi_ul2d                                      c:/users/nathan.jones2/miniconda3/envs/conda-env/library/bin/../lib/gcc/arm-none-eabi/8.3.1/thumb/v7-m/nofp\libgcc.a(_arm_addsubdf3.o)
__aeabi_ul2f                                      c:/users/nathan.jones2/miniconda3/envs/conda-env/library/bin/../lib/gcc/arm-none-eabi/8.3.1/thumb/v7-m/nofp\libgcc.a(_arm_addsubsf3.o)
__bss_end__                                       c:/users/nathan.jones2/miniconda3/envs/conda-env/library/bin/../lib/gcc/arm-none-eabi/8.3.1/../../../../arm-none-eabi/lib/thumb/v7-m/nofp/crt0.o
__bss_start__                                     c:/users/nathan.jones2/miniconda3/envs/conda-env/library/bin/../lib/gcc/arm-none-eabi/8.3.1/../../../../arm-none-eabi/lib/thumb/v7-m/nofp/crt0.o
__call_exitprocs                                  c:/users/nathan.jones2/miniconda3/envs/conda-env/library/bin/../lib/gcc/arm-none-eabi/8.3.1/../../../../arm-none-eabi/lib/thumb/v7-m/nofp\libc_nano.a(lib_a-exit.o)
__cmpsf2                                          c:/users/nathan.jones2/miniconda3/envs/conda-env/library/bin/../lib/gcc/arm-none-eabi/8.3.1/thumb/v7-m/nofp\libgcc.a(_arm_cmpsf2.o)
__deregister_frame_info                           c:/users/nathan.jones2/miniconda3/envs/conda-env/library/bin/../lib/gcc/arm-none-eabi/8.3.1/thumb/v7-m/nofp/crtbegin.o
__divdf3                                          c:/users/nathan.jones2/miniconda3/envs/conda-env/library/bin/../lib/gcc/arm-none-eabi/8.3.1/thumb/v7-m/nofp\libgcc.a(_arm_muldivdf3.o)
__divsf3                                          c:/users/nathan.jones2/miniconda3/envs/conda-env/library/bin/../lib/gcc/arm-none-eabi/8.3.1/thumb/v7-m/nofp\libgcc.a(_arm_muldivsf3.o)
__dso_handle                                      c:/users/nathan.jones2/miniconda3/envs/conda-env/library/bin/../lib/gcc/arm-none-eabi/8.3.1/thumb/v7-m/nofp/crtbegin.o
__eqsf2                                           c:/users/nathan.jones2/miniconda3/envs/conda-env/library/bin/../lib/gcc/arm-none-eabi/8.3.1/thumb/v7-m/nofp\libgcc.a(_arm_cmpsf2.o)
__extendsfdf2                                     c:/users/nathan.jones2/miniconda3/envs/conda-env/library/bin/../lib/gcc/arm-none-eabi/8.3.1/thumb/v7-m/nofp\libgcc.a(_arm_addsubdf3.o)
__fixunsdfsi                                      c:/users/nathan.jones2/miniconda3/envs/conda-env/library/bin/../lib/gcc/arm-none-eabi/8.3.1/thumb/v7-m/nofp\libgcc.a(_arm_fixunsdfsi.o)
__floatdidf                                       c:/users/nathan.jones2/miniconda3/envs/conda-env/library/bin/../lib/gcc/arm-none-eabi/8.3.1/thumb/v7-m/nofp\libgcc.a(_arm_addsubdf3.o)
__floatdisf                                       c:/users/nathan.jones2/miniconda3/envs/conda-env/library/bin/../lib/gcc/arm-none-eabi/8.3.1/thumb/v7-m/nofp\libgcc.a(_arm_addsubsf3.o)
__floatsidf                                       c:/users/nathan.jones2/miniconda3/envs/conda-env/library/bin/../lib/gcc/arm-none-eabi/8.3.1/thumb/v7-m/nofp\libgcc.a(_arm_addsubdf3.o)
__floatsisf                                       c:/users/nathan.jones2/miniconda3/envs/conda-env/library/bin/../lib/gcc/arm-none-eabi/8.3.1/thumb/v7-m/nofp\libgcc.a(_arm_addsubsf3.o)
__floatundidf                                     c:/users/nathan.jones2/miniconda3/envs/conda-env/library/bin/../lib/gcc/arm-none-eabi/8.3.1/thumb/v7-m/nofp\libgcc.a(_arm_addsubdf3.o)
__floatundisf                                     c:/users/nathan.jones2/miniconda3/envs/conda-env/library/bin/../lib/gcc/arm-none-eabi/8.3.1/thumb/v7-m/nofp\libgcc.a(_arm_addsubsf3.o)
__floatunsidf                                     c:/users/nathan.jones2/miniconda3/envs/conda-env/library/bin/../lib/gcc/arm-none-eabi/8.3.1/thumb/v7-m/nofp\libgcc.a(_arm_addsubdf3.o)
__floatunsisf                                     c:/users/nathan.jones2/miniconda3/envs/conda-env/library/bin/../lib/gcc/arm-none-eabi/8.3.1/thumb/v7-m/nofp\libgcc.a(_arm_addsubsf3.o)
__gesf2                                           c:/users/nathan.jones2/miniconda3/envs/conda-env/library/bin/../lib/gcc/arm-none-eabi/8.3.1/thumb/v7-m/nofp\libgcc.a(_arm_cmpsf2.o)
__gtsf2                                           c:/users/nathan.jones2/miniconda3/envs/conda-env/library/bin/../lib/gcc/arm-none-eabi/8.3.1/thumb/v7-m/nofp\libgcc.a(_arm_cmpsf2.o)
__init_array_end                                  c:/users/nathan.jones2/miniconda3/envs/conda-env/library/bin/../lib/gcc/arm-none-eabi/8.3.1/../../../../arm-none-eabi/lib/thumb/v7-m/nofp\libc_nano.a(lib_a-init.o)
__init_array_start                                c:/users/nathan.jones2/miniconda3/envs/conda-env/library/bin/../lib/gcc/arm-none-eabi/8.3.1/../../../../arm-none-eabi/lib/thumb/v7-m/nofp\libc_nano.a(lib_a-init.o)
__lesf2                                           c:/users/nathan.jones2/miniconda3/envs/conda-env/library/bin/../lib/gcc/arm-none-eabi/8.3.1/thumb/v7-m/nofp\libgcc.a(_arm_cmpsf2.o)
__libc_fini_array                                 c:/users/nathan.jones2/miniconda3/envs/conda-env/library/bin/../lib/gcc/arm-none-eabi/8.3.1/../../../../arm-none-eabi/lib/thumb/v7-m/nofp/crt0.o