Archive member included to satisfy reference by file (symbol)

/usr/lib/gcc/arm-none-eabi/6.3.1/../../../arm-none-eabi/lib/thumb/v7-m/libc_nano.a(lib_a-atexit.o)
                              /usr/lib/gcc/arm-none-eabi/6.3.1/../../../arm-none-eabi/lib/thumb/v7-m/crt0.o (atexit)
/usr/lib/gcc/arm-none-eabi/6.3.1/../../../arm-none-eabi/lib/thumb/v7-m/libc_nano.a(lib_a-exit.o)
                              /usr/lib/gcc/arm-none-eabi/6.3.1/../../../arm-none-eabi/lib/thumb/v7-m/crt0.o (exit)
/usr/lib/gcc/arm-none-eabi/6.3.1/../../../arm-none-eabi/lib/thumb/v7-m/libc_nano.a(lib_a-fini.o)
                              /usr/lib/gcc/arm-none-eabi/6.3.1/../../../arm-none-eabi/lib/thumb/v7-m/crt0.o (__libc_fini_array)
/usr/lib/gcc/arm-none-eabi/6.3.1/../../../arm-none-eabi/lib/thumb/v7-m/libc_nano.a(lib_a-impure.o)
                              /usr/lib/gcc/arm-none-eabi/6.3.1/../../../arm-none-eabi/lib/thumb/v7-m/libc_nano.a(lib_a-exit.o) (_global_impure_ptr)
/usr/lib/gcc/arm-none-eabi/6.3.1/../../../arm-none-eabi/lib/thumb/v7-m/libc_nano.a(lib_a-init.o)
                              /usr/lib/gcc/arm-none-eabi/6.3.1/../../../arm-none-eabi/lib/thumb/v7-m/crt0.o (__libc_init_array)
/usr/lib/gcc/arm-none-eabi/6.3.1/../../../arm-none-eabi/lib/thumb/v7-m/libc_nano.a(lib_a-memset.o)
                              /usr/lib/gcc/arm-none-eabi/6.3.1/../../../arm-none-eabi/lib/thumb/v7-m/crt0.o (memset)
/usr/lib/gcc/arm-none-eabi/6.3.1/../../../arm-none-eabi/lib/thumb/v7-m/libc_nano.a(lib_a-__atexit.o)
                              /usr/lib/gcc/arm-none-eabi/6.3.1/../../../arm-none-eabi/lib/thumb/v7-m/libc_nano.a(lib_a-atexit.o) (__register_exitproc)
/usr/lib/gcc/arm-none-eabi/6.3.1/../../../arm-none-eabi/lib/thumb/v7-m/libc_nano.a(lib_a-__call_atexit.o)
                              /usr/lib/gcc/arm-none-eabi/6.3.1/../../../arm-none-eabi/lib/thumb/v7-m/libc_nano.a(lib_a-__atexit.o) (__call_exitprocs)
/usr/lib/gcc/arm-none-eabi/6.3.1/../../../arm-none-eabi/lib/thumb/v7-m/libnosys.a(_exit.o)
                              /usr/lib/gcc/arm-none-eabi/6.3.1/../../../arm-none-eabi/lib/thumb/v7-m/libc_nano.a(lib_a-exit.o) (_exit)

Allocating common symbols
Common symbol       size              file

hcan                0x28              build/main.o
uwTick              0x4               build/stm32f1xx_hal.o
pFlash              0x20              build/stm32f1xx_hal_flash.o

Discarded input sections

 .text          0x0000000000000000        0x0 /usr/lib/gcc/arm-none-eabi/6.3.1/thumb/v7-m/crti.o
 .data          0x0000000000000000        0x0 /usr/lib/gcc/arm-none-eabi/6.3.1/thumb/v7-m/crti.o
 .bss           0x0000000000000000        0x0 /usr/lib/gcc/arm-none-eabi/6.3.1/thumb/v7-m/crti.o
 .data          0x0000000000000000        0x4 /usr/lib/gcc/arm-none-eabi/6.3.1/thumb/v7-m/crtbegin.o
 .text          0x0000000000000000       0x68 /usr/lib/gcc/arm-none-eabi/6.3.1/../../../arm-none-eabi/lib/thumb/v7-m/crt0.o
 .data          0x0000000000000000        0x0 /usr/lib/gcc/arm-none-eabi/6.3.1/../../../arm-none-eabi/lib/thumb/v7-m/crt0.o
 .bss           0x0000000000000000        0x0 /usr/lib/gcc/arm-none-eabi/6.3.1/../../../arm-none-eabi/lib/thumb/v7-m/crt0.o
 .ARM.extab     0x0000000000000000        0x0 /usr/lib/gcc/arm-none-eabi/6.3.1/../../../arm-none-eabi/lib/thumb/v7-m/crt0.o
 .ARM.exidx     0x0000000000000000        0x8 /usr/lib/gcc/arm-none-eabi/6.3.1/../../../arm-none-eabi/lib/thumb/v7-m/crt0.o
 .debug_line    0x0000000000000000       0x7e /usr/lib/gcc/arm-none-eabi/6.3.1/../../../arm-none-eabi/lib/thumb/v7-m/crt0.o
 .debug_info    0x0000000000000000       0xa3 /usr/lib/gcc/arm-none-eabi/6.3.1/../../../arm-none-eabi/lib/thumb/v7-m/crt0.o
 .debug_abbrev  0x0000000000000000       0x14 /usr/lib/gcc/arm-none-eabi/6.3.1/../../../arm-none-eabi/lib/thumb/v7-m/crt0.o
 .debug_aranges
                0x0000000000000000       0x20 /usr/lib/gcc/arm-none-eabi/6.3.1/../../../arm-none-eabi/lib/thumb/v7-m/crt0.o
 .ARM.attributes
                0x0000000000000000       0x1b /usr/lib/gcc/arm-none-eabi/6.3.1/../../../arm-none-eabi/lib/thumb/v7-m/crt0.o
 .text          0x0000000000000000        0x0 build/main.o
 .data          0x0000000000000000        0x0 build/main.o
 .bss           0x0000000000000000        0x0 build/main.o
 .text.Error_Handler
                0x0000000000000000        0x2 build/main.o
 .text          0x0000000000000000        0x0 build/stm32f1xx_it.o
 .data          0x0000000000000000        0x0 build/stm32f1xx_it.o
 .bss           0x0000000000000000        0x0 build/stm32f1xx_it.o
 .text          0x0000000000000000        0x0 build/stm32f1xx_hal_msp.o
 .data          0x0000000000000000        0x0 build/stm32f1xx_hal_msp.o
 .bss           0x0000000000000000        0x0 build/stm32f1xx_hal_msp.o
 .text.HAL_CAN_MspDeInit
                0x0000000000000000       0x30 build/stm32f1xx_hal_msp.o
 .text          0x0000000000000000        0x0 build/stm32f1xx_hal_gpio_ex.o
[...]
Memory Configuration

Name             Origin             Length             Attributes
RAM              0x0000000020000000 0x0000000000005000 xrw
FLASH            0x0000000008000000 0x0000000000010000 xr
*default*        0x0000000000000000 0xffffffffffffffff

Linker script and memory map

LOAD /usr/lib/gcc/arm-none-eabi/6.3.1/thumb/v7-m/crti.o
LOAD /usr/lib/gcc/arm-none-eabi/6.3.1/thumb/v7-m/crtbegin.o
LOAD /usr/lib/gcc/arm-none-eabi/6.3.1/../../../arm-none-eabi/lib/thumb/v7-m/crt0.o
LOAD build/main.o
LOAD build/stm32f1xx_it.o
LOAD build/stm32f1xx_hal_msp.o
LOAD build/stm32f1xx_hal_gpio_ex.o
LOAD build/stm32f1xx_hal_can.o
LOAD build/stm32f1xx_hal.o
LOAD build/stm32f1xx_hal_rcc.o
LOAD build/stm32f1xx_hal_rcc_ex.o
LOAD build/stm32f1xx_hal_gpio.o
LOAD build/stm32f1xx_hal_dma.o
LOAD build/stm32f1xx_hal_cortex.o
LOAD build/stm32f1xx_hal_pwr.o
LOAD build/stm32f1xx_hal_flash.o
LOAD build/stm32f1xx_hal_flash_ex.o
LOAD build/stm32f1xx_hal_exti.o
LOAD build/stm32f1xx_hal_tim.o
LOAD build/stm32f1xx_hal_tim_ex.o
LOAD build/system_stm32f1xx.o
LOAD build/startup_stm32f103xb.o
LOAD /usr/lib/gcc/arm-none-eabi/6.3.1/../../../arm-none-eabi/lib/thumb/v7-m/libc_nano.a
LOAD /usr/lib/gcc/arm-none-eabi/6.3.1/../../../arm-none-eabi/lib/thumb/v7-m/libm.a
LOAD /usr/lib/gcc/arm-none-eabi/6.3.1/../../../arm-none-eabi/lib/thumb/v7-m/libnosys.a
START GROUP
LOAD /usr/lib/gcc/arm-none-eabi/6.3.1/thumb/v7-m/libgcc.a
LOAD /usr/lib/gcc/arm-none-eabi/6.3.1/../../../arm-none-eabi/lib/thumb/v7-m/libc_nano.a
END GROUP
START GROUP
LOAD /usr/lib/gcc/arm-none-eabi/6.3.1/thumb/v7-m/libgcc.a
LOAD /usr/lib/gcc/arm-none-eabi/6.3.1/../../../arm-none-eabi/lib/thumb/v7-m/libc_nano.a
END GROUP
LOAD /usr/lib/gcc/arm-none-eabi/6.3.1/thumb/v7-m/crtend.o
LOAD /usr/lib/gcc/arm-none-eabi/6.3.1/thumb/v7-m/crtn.o
                0x0000000020005000                _estack = 0x20005000
                0x0000000000000200                _Min_Heap_Size = 0x200
                0x0000000000000400                _Min_Stack_Size = 0x400

.isr_vector     0x0000000008000000      0x10c
                0x0000000008000000                . = ALIGN (0x4)
 *(.isr_vector)
 .isr_vector    0x0000000008000000      0x10c build/startup_stm32f103xb.o
                0x0000000008000000                g_pfnVectors
                0x000000000800010c                . = ALIGN (0x4)

.text           0x000000000800010c      0xef4
                0x000000000800010c                . = ALIGN (0x4)
 *(.text)
 .text          0x000000000800010c       0xa4 /usr/lib/gcc/arm-none-eabi/6.3.1/thumb/v7-m/crtbegin.o
 .text          0x00000000080001b0       0x50 /usr/lib/gcc/arm-none-eabi/6.3.1/../../../arm-none-eabi/lib/thumb/v7-m/libc_nano.a(lib_a-init.o)
                0x00000000080001b0                __libc_init_array
 .text          0x0000000008000200       0x9c /usr/lib/gcc/arm-none-eabi/6.3.1/../../../arm-none-eabi/lib/thumb/v7-m/libc_nano.a(lib_a-memset.o)
                0x0000000008000200                memset
 *(.text*)
 .text.MX_GPIO_Init
                0x000000000800029c       0x68 build/main.o
 .text.MX_CAN_Init
                0x0000000008000304       0x30 build/main.o
 .text.SystemClock_Config
                0x0000000008000334       0x44 build/main.o
                0x0000000008000334                SystemClock_Config
 .text.main     0x0000000008000378       0x2c build/main.o
                0x0000000008000378                main
 .text.NMI_Handler
                0x00000000080003a4        0x2 build/stm32f1xx_it.o
                0x00000000080003a4                NMI_Handler
 .text.HardFault_Handler
                0x00000000080003a6        0x2 build/stm32f1xx_it.o
                0x00000000080003a6                HardFault_Handler
 .text.MemManage_Handler
                0x00000000080003a8        0x2 build/stm32f1xx_it.o
                0x00000000080003a8                MemManage_Handler
 .text.BusFault_Handler
                0x00000000080003aa        0x2 build/stm32f1xx_it.o
                0x00000000080003aa                BusFault_Handler
 .text.UsageFault_Handler
                0x00000000080003ac        0x2 build/stm32f1xx_it.o
                0x00000000080003ac                UsageFault_Handler
 .text.SVC_Handler
                0x00000000080003ae        0x2 build/stm32f1xx_it.o
                0x00000000080003ae                SVC_Handler
 .text.DebugMon_Handler
                0x00000000080003b0        0x2 build/stm32f1xx_it.o
                0x00000000080003b0                DebugMon_Handler
 .text.PendSV_Handler
                0x00000000080003b2        0x2 build/stm32f1xx_it.o
                0x00000000080003b2                PendSV_Handler
 .text.SysTick_Handler
                0x00000000080003b4        0x8 build/stm32f1xx_it.o
                0x00000000080003b4                SysTick_Handler
 .text.HAL_MspInit
                0x00000000080003bc       0x44 build/stm32f1xx_hal_msp.o
                0x00000000080003bc                HAL_MspInit
 .text.HAL_CAN_MspInit
                0x0000000008000400       0x78 build/stm32f1xx_hal_msp.o
                0x0000000008000400                HAL_CAN_MspInit
 .text.HAL_CAN_Init
                0x0000000008000478      0x14c build/stm32f1xx_hal_can.o
                0x0000000008000478                HAL_CAN_Init
 .text.HAL_InitTick
                0x00000000080005c4       0x4c build/stm32f1xx_hal.o
                0x00000000080005c4                HAL_InitTick
 .text.HAL_Init
                0x0000000008000610       0x24 build/stm32f1xx_hal.o
                0x0000000008000610                HAL_Init
 .text.HAL_IncTick
                0x0000000008000634       0x18 build/stm32f1xx_hal.o
                0x0000000008000634                HAL_IncTick
 .text.HAL_GetTick
                0x000000000800064c        0xc build/stm32f1xx_hal.o
                0x000000000800064c                HAL_GetTick
 .text.HAL_Delay
                0x0000000008000658       0x28 build/stm32f1xx_hal.o
                0x0000000008000658                HAL_Delay
 .text.RCC_Delay
                0x0000000008000680       0x2c build/stm32f1xx_hal_rcc.o
 .text.HAL_RCC_OscConfig
                0x00000000080006ac      0x410 build/stm32f1xx_hal_rcc.o
                0x00000000080006ac                HAL_RCC_OscConfig
 .text.HAL_RCC_GetSysClockFreq
                0x0000000008000abc       0x6c build/stm32f1xx_hal_rcc.o
                0x0000000008000abc                HAL_RCC_GetSysClockFreq
 .text.HAL_RCC_ClockConfig
                0x0000000008000b28      0x168 build/stm32f1xx_hal_rcc.o
                0x0000000008000b28                HAL_RCC_ClockConfig
 .text.HAL_GPIO_Init
                0x0000000008000c90      0x1f0 build/stm32f1xx_hal_gpio.o
                0x0000000008000c90                HAL_GPIO_Init
 .text.HAL_GPIO_WritePin
                0x0000000008000e80        0xc build/stm32f1xx_hal_gpio.o
                0x0000000008000e80                HAL_GPIO_WritePin
 .text.HAL_GPIO_TogglePin
                0x0000000008000e8c        0xe build/stm32f1xx_hal_gpio.o
                0x0000000008000e8c                HAL_GPIO_TogglePin
 *fill*         0x0000000008000e9a        0x2 
 .text.HAL_NVIC_SetPriorityGrouping
                0x0000000008000e9c       0x24 build/stm32f1xx_hal_cortex.o
                0x0000000008000e9c                HAL_NVIC_SetPriorityGrouping
 .text.HAL_NVIC_SetPriority
                0x0000000008000ec0       0x64 build/stm32f1xx_hal_cortex.o
                0x0000000008000ec0                HAL_NVIC_SetPriority
 .text.HAL_SYSTICK_Config
                0x0000000008000f24       0x2c build/stm32f1xx_hal_cortex.o
                0x0000000008000f24                HAL_SYSTICK_Config
 .text.SystemInit
                0x0000000008000f50       0x4c build/system_stm32f1xx.o
                0x0000000008000f50                SystemInit
 .text.Reset_Handler
                0x0000000008000f9c       0x48 build/startup_stm32f103xb.o
                0x0000000008000f9c                Reset_Handler
 .text.Default_Handler
                0x0000000008000fe4        0x2 build/startup_stm32f103xb.o
                0x0000000008000fe4                RTC_Alarm_IRQHandler
                0x0000000008000fe4                EXTI2_IRQHandler
                0x0000000008000fe4                TIM1_CC_IRQHandler
                0x0000000008000fe4                PVD_IRQHandler
                0x0000000008000fe4                EXTI3_IRQHandler
                0x0000000008000fe4                EXTI0_IRQHandler
                0x0000000008000fe4                I2C2_EV_IRQHandler
                0x0000000008000fe4                ADC1_2_IRQHandler
                0x0000000008000fe4                SPI1_IRQHandler
                0x0000000008000fe4                TAMPER_IRQHandler
                0x0000000008000fe4                DMA1_Channel4_IRQHandler
                0x0000000008000fe4                USART3_IRQHandler
                0x0000000008000fe4                RTC_IRQHandler
                0x0000000008000fe4                DMA1_Channel7_IRQHandler
                0x0000000008000fe4                CAN1_RX1_IRQHandler
                0x0000000008000fe4                TIM4_IRQHandler
                0x0000000008000fe4                I2C1_EV_IRQHandler
                0x0000000008000fe4                DMA1_Channel6_IRQHandler
                0x0000000008000fe4                TIM3_IRQHandler
                0x0000000008000fe4                RCC_IRQHandler
                0x0000000008000fe4                TIM1_TRG_COM_IRQHandler
                0x0000000008000fe4                DMA1_Channel1_IRQHandler
                0x0000000008000fe4                Default_Handler
                0x0000000008000fe4                EXTI15_10_IRQHandler
                0x0000000008000fe4                EXTI9_5_IRQHandler
                0x0000000008000fe4                SPI2_IRQHandler
                0x0000000008000fe4                DMA1_Channel5_IRQHandler
                0x0000000008000fe4                EXTI4_IRQHandler
                0x0000000008000fe4                USB_LP_CAN1_RX0_IRQHandler
                0x0000000008000fe4                USB_HP_CAN1_TX_IRQHandler
                0x0000000008000fe4                DMA1_Channel3_IRQHandler
                0x0000000008000fe4                TIM1_UP_IRQHandler
                0x0000000008000fe4                WWDG_IRQHandler
                0x0000000008000fe4                TIM2_IRQHandler
                0x0000000008000fe4                TIM1_BRK_IRQHandler
                0x0000000008000fe4                EXTI1_IRQHandler
                0x0000000008000fe4                USART2_IRQHandler
                0x0000000008000fe4                I2C2_ER_IRQHandler
                0x0000000008000fe4                DMA1_Channel2_IRQHandler
                0x0000000008000fe4                CAN1_SCE_IRQHandler
                0x0000000008000fe4                FLASH_IRQHandler
                0x0000000008000fe4                USART1_IRQHandler
                0x0000000008000fe4                I2C1_ER_IRQHandler
                0x0000000008000fe4                USBWakeUp_IRQHandler
 *(.glue_7)
 .glue_7        0x0000000008000fe6        0x0 linker stubs
 *(.glue_7t)
 .glue_7t       0x0000000008000fe6        0x0 linker stubs
 *(.eh_frame)
 *fill*         0x0000000008000fe6        0x2 
 .eh_frame      0x0000000008000fe8        0x0 /usr/lib/gcc/arm-none-eabi/6.3.1/thumb/v7-m/crtbegin.o
 *(.init)
 .init          0x0000000008000fe8        0x4 /usr/lib/gcc/arm-none-eabi/6.3.1/thumb/v7-m/crti.o
                0x0000000008000fe8                _init
 .init          0x0000000008000fec        0x8 /usr/lib/gcc/arm-none-eabi/6.3.1/thumb/v7-m/crtn.o
 *(.fini)
 .fini          0x0000000008000ff4        0x4 /usr/lib/gcc/arm-none-eabi/6.3.1/thumb/v7-m/crti.o
                0x0000000008000ff4                _fini
 .fini          0x0000000008000ff8        0x8 /usr/lib/gcc/arm-none-eabi/6.3.1/thumb/v7-m/crtn.o
                0x0000000008001000                . = ALIGN (0x4)
                0x0000000008001000                _etext = .

.vfp11_veneer   0x0000000008001000        0x0
 .vfp11_veneer  0x0000000008001000        0x0 linker stubs

.v4_bx          0x0000000008001000        0x0
 .v4_bx         0x0000000008001000        0x0 linker stubs

.iplt           0x0000000008001000        0x0
 .iplt          0x0000000008001000        0x0 /usr/lib/gcc/arm-none-eabi/6.3.1/thumb/v7-m/crtbegin.o

.rodata         0x0000000008001000       0x24
                0x0000000008001000                . = ALIGN (0x4)
 *(.rodata)
 .rodata        0x0000000008001000       0x12 build/stm32f1xx_hal_rcc.o
 *(.rodata*)
 *fill*         0x0000000008001012        0x2 
 .rodata.AHBPrescTable
                0x0000000008001014       0x10 build/system_stm32f1xx.o
                0x0000000008001014                AHBPrescTable
                0x0000000008001024                . = ALIGN (0x4)

.rel.dyn        0x0000000008001024        0x0
 .rel.iplt      0x0000000008001024        0x0 /usr/lib/gcc/arm-none-eabi/6.3.1/thumb/v7-m/crtbegin.o

.ARM.extab
 *(.ARM.extab* .gnu.linkonce.armextab.*)

.ARM            0x0000000008001024        0x0
                0x0000000008001024                __exidx_start = .
 *(.ARM.exidx*)
                0x0000000008001024                __exidx_end = .

.preinit_array  0x0000000008001024        0x0
                0x0000000008001024                PROVIDE (__preinit_array_start, .)
 *(.preinit_array*)
                0x0000000008001024                PROVIDE (__preinit_array_end, .)

.init_array     0x0000000008001024        0x4
                0x0000000008001024                PROVIDE (__init_array_start, .)
 *(SORT(.init_array.*))
 *(.init_array*)
 .init_array    0x0000000008001024        0x4 /usr/lib/gcc/arm-none-eabi/6.3.1/thumb/v7-m/crtbegin.o
                0x0000000008001028                PROVIDE (__init_array_end, .)

.fini_array     0x0000000008001028        0x4
                0x0000000008001028                PROVIDE (__fini_array_start, .)
 *(SORT(.fini_array.*))
 *(.fini_array*)
 .fini_array    0x0000000008001028        0x4 /usr/lib/gcc/arm-none-eabi/6.3.1/thumb/v7-m/crtbegin.o
                0x000000000800102c                PROVIDE (__fini_array_end, .)
                0x000000000800102c                _sidata = LOADADDR (.data)

.data           0x0000000020000000        0xc load address 0x000000000800102c
                0x0000000020000000                . = ALIGN (0x4)
                0x0000000020000000                _sdata = .
 *(.data)
 *(.data*)
 .data.uwTickFreq
                0x0000000020000000        0x1 build/stm32f1xx_hal.o
                0x0000000020000000                uwTickFreq
 *fill*         0x0000000020000001        0x3 
 .data.uwTickPrio
                0x0000000020000004        0x4 build/stm32f1xx_hal.o
                0x0000000020000004                uwTickPrio
 .data.SystemCoreClock
                0x0000000020000008        0x4 build/system_stm32f1xx.o
                0x0000000020000008                SystemCoreClock
                0x000000002000000c                . = ALIGN (0x4)
                0x000000002000000c                _edata = .

.jcr            0x000000002000000c        0x0 load address 0x0000000008001038
 .jcr           0x000000002000000c        0x0 /usr/lib/gcc/arm-none-eabi/6.3.1/thumb/v7-m/crtbegin.o

.tm_clone_table
                0x000000002000000c        0x0 load address 0x0000000008001038
 .tm_clone_table
                0x000000002000000c        0x0 /usr/lib/gcc/arm-none-eabi/6.3.1/thumb/v7-m/crtbegin.o
 .tm_clone_table
                0x000000002000000c        0x0 /usr/lib/gcc/arm-none-eabi/6.3.1/thumb/v7-m/crtend.o

.igot.plt       0x000000002000000c        0x0 load address 0x0000000008001038
 .igot.plt      0x000000002000000c        0x0 /usr/lib/gcc/arm-none-eabi/6.3.1/thumb/v7-m/crtbegin.o
                0x000000002000000c                . = ALIGN (0x4)

.bss            0x000000002000000c       0x48 load address 0x0000000008001038
                0x000000002000000c                _sbss = .
                0x000000002000000c                __bss_start__ = _sbss
 *(.bss)
 .bss           0x000000002000000c       0x1c /usr/lib/gcc/arm-none-eabi/6.3.1/thumb/v7-m/crtbegin.o
 *(.bss*)
 *(COMMON)
 COMMON         0x0000000020000028       0x28 build/main.o
                0x0000000020000028                hcan
 COMMON         0x0000000020000050        0x4 build/stm32f1xx_hal.o
                0x0000000020000050                uwTick
                0x0000000020000054                . = ALIGN (0x4)
                0x0000000020000054                _ebss = .
                0x0000000020000054                __bss_end__ = _ebss

._user_heap_stack
                0x0000000020000054      0x604 load address 0x0000000008001038
                0x0000000020000058                . = ALIGN (0x8)
 *fill*         0x0000000020000054        0x4 
                [!provide]                        PROVIDE (end, .)
                [!provide]                        PROVIDE (_end, .)
                0x0000000020000258                . = (. + _Min_Heap_Size)
 *fill*         0x0000000020000058      0x200 
                0x0000000020000658                . = (. + _Min_Stack_Size)
 *fill*         0x0000000020000258      0x400 
                0x0000000020000658                . = ALIGN (0x8)

/DISCARD/
 libc.a(*)
 libm.a(*)
 libgcc.a(*)

.ARM.attributes
                0x0000000000000000       0x29
 *(.ARM.attributes)
 .ARM.attributes
                0x0000000000000000       0x1d /usr/lib/gcc/arm-none-eabi/6.3.1/thumb/v7-m/crti.o
 .ARM.attributes
                0x000000000000001d       0x2d /usr/lib/gcc/arm-none-eabi/6.3.1/thumb/v7-m/crtbegin.o
 .ARM.attributes
                0x000000000000004a       0x33 build/main.o
 .ARM.attributes
                0x000000000000007d       0x33 build/stm32f1xx_it.o
 .ARM.attributes
                0x00000000000000b0       0x33 build/stm32f1xx_hal_msp.o
 .ARM.attributes
                0x00000000000000e3       0x33 build/stm32f1xx_hal_can.o
 .ARM.attributes
                0x0000000000000116       0x33 build/stm32f1xx_hal.o
 .ARM.attributes
                0x0000000000000149       0x33 build/stm32f1xx_hal_rcc.o
 .ARM.attributes
                0x000000000000017c       0x33 build/stm32f1xx_hal_gpio.o
 .ARM.attributes
                0x00000000000001af       0x33 build/stm32f1xx_hal_cortex.o
 .ARM.attributes
                0x00000000000001e2       0x33 build/system_stm32f1xx.o
 .ARM.attributes
                0x0000000000000215       0x21 build/startup_stm32f103xb.o
 .ARM.attributes
                0x0000000000000236       0x2d /usr/lib/gcc/arm-none-eabi/6.3.1/../../../arm-none-eabi/lib/thumb/v7-m/libc_nano.a(lib_a-init.o)
 .ARM.attributes
                0x0000000000000263       0x2d /usr/lib/gcc/arm-none-eabi/6.3.1/../../../arm-none-eabi/lib/thumb/v7-m/libc_nano.a(lib_a-memset.o)
 .ARM.attributes
                0x0000000000000290       0x2d /usr/lib/gcc/arm-none-eabi/6.3.1/thumb/v7-m/crtend.o
 .ARM.attributes
                0x00000000000002bd       0x1d /usr/lib/gcc/arm-none-eabi/6.3.1/thumb/v7-m/crtn.o
OUTPUT(build/CAN_Slave.elf elf32-littlearm)

.comment        0x0000000000000000       0x31
 .comment       0x0000000000000000       0x31 /usr/lib/gcc/arm-none-eabi/6.3.1/thumb/v7-m/crtbegin.o
                                         0x32 (size before relaxing)
 .comment       0x0000000000000031       0x32 build/main.o
 .comment       0x0000000000000031       0x32 build/stm32f1xx_it.o
 .comment       0x0000000000000031       0x32 build/stm32f1xx_hal_msp.o
 .comment       0x0000000000000031       0x32 build/stm32f1xx_hal_can.o
 .comment       0x0000000000000031       0x32 build/stm32f1xx_hal.o
 .comment       0x0000000000000031       0x32 build/stm32f1xx_hal_rcc.o
 .comment       0x0000000000000031       0x32 build/stm32f1xx_hal_gpio.o
 .comment       0x0000000000000031       0x32 build/stm32f1xx_hal_cortex.o
 .comment       0x0000000000000031       0x32 build/system_stm32f1xx.o
 .comment       0x0000000000000031       0x32 /usr/lib/gcc/arm-none-eabi/6.3.1/../../../arm-none-eabi/lib/thumb/v7-m/libc_nano.a(lib_a-init.o)
 .comment       0x0000000000000031       0x32 /usr/lib/gcc/arm-none-eabi/6.3.1/../../../arm-none-eabi/lib/thumb/v7-m/libc_nano.a(lib_a-memset.o)
 .comment       0x0000000000000031       0x32 /usr/lib/gcc/arm-none-eabi/6.3.1/thumb/v7-m/crtend.o

.debug_info     0x0000000000000000     0x5ec7
 .debug_info    0x0000000000000000      0xaa4 build/main.o
 .debug_info    0x0000000000000aa4      0x24d build/stm32f1xx_it.o
 .debug_info    0x0000000000000cf1      0x8d5 build/stm32f1xx_hal_msp.o
 .debug_info    0x00000000000015c6     0x1258 build/stm32f1xx_hal_can.o
 .debug_info    0x000000000000281e      0x85b build/stm32f1xx_hal.o
 .debug_info    0x0000000000003079      0xa9d build/stm32f1xx_hal_rcc.o
 .debug_info    0x0000000000003b16      0x704 build/stm32f1xx_hal_gpio.o
 .debug_info    0x000000000000421a      0xd5a build/stm32f1xx_hal_cortex.o
 .debug_info    0x0000000000004f74      0x48e build/system_stm32f1xx.o
 .debug_info    0x0000000000005402       0x9f build/startup_stm32f103xb.o
 .debug_info    0x00000000000054a1      0x110 /usr/lib/gcc/arm-none-eabi/6.3.1/../../../arm-none-eabi/lib/thumb/v7-m/libc_nano.a(lib_a-init.o)
 .debug_info    0x00000000000055b1      0x916 /usr/lib/gcc/arm-none-eabi/6.3.1/../../../arm-none-eabi/lib/thumb/v7-m/libc_nano.a(lib_a-memset.o)

.debug_abbrev   0x0000000000000000     0x140e
 .debug_abbrev  0x0000000000000000      0x20d build/main.o
 .debug_abbrev  0x000000000000020d       0xe2 build/stm32f1xx_it.o
 .debug_abbrev  0x00000000000002ef      0x19d build/stm32f1xx_hal_msp.o
 .debug_abbrev  0x000000000000048c      0x25b build/stm32f1xx_hal_can.o
 .debug_abbrev  0x00000000000006e7      0x1fc build/stm32f1xx_hal.o
 .debug_abbrev  0x00000000000008e3      0x270 build/stm32f1xx_hal_rcc.o
 .debug_abbrev  0x0000000000000b53      0x211 build/stm32f1xx_hal_gpio.o
 .debug_abbrev  0x0000000000000d64      0x316 build/stm32f1xx_hal_cortex.o
 .debug_abbrev  0x000000000000107a      0x131 build/system_stm32f1xx.o
 .debug_abbrev  0x00000000000011ab       0x12 build/startup_stm32f103xb.o
 .debug_abbrev  0x00000000000011bd       0xba /usr/lib/gcc/arm-none-eabi/6.3.1/../../../arm-none-eabi/lib/thumb/v7-m/libc_nano.a(lib_a-init.o)
 .debug_abbrev  0x0000000000001277      0x197 /usr/lib/gcc/arm-none-eabi/6.3.1/../../../arm-none-eabi/lib/thumb/v7-m/libc_nano.a(lib_a-memset.o)

.debug_loc      0x0000000000000000     0x2573
 .debug_loc     0x0000000000000000       0xb1 build/main.o
 .debug_loc     0x00000000000000b1       0x20 build/stm32f1xx_it.o
 .debug_loc     0x00000000000000d1      0x104 build/stm32f1xx_hal_msp.o
 .debug_loc     0x00000000000001d5      0xda2 build/stm32f1xx_hal_can.o
 .debug_loc     0x0000000000000f77      0x1b0 build/stm32f1xx_hal.o
 .debug_loc     0x0000000000001127      0x62d build/stm32f1xx_hal_rcc.o
 .debug_loc     0x0000000000001754      0x450 build/stm32f1xx_hal_gpio.o
 .debug_loc     0x0000000000001ba4      0x685 build/stm32f1xx_hal_cortex.o
 .debug_loc     0x0000000000002229       0xdf build/system_stm32f1xx.o
 .debug_loc     0x0000000000002308       0xae /usr/lib/gcc/arm-none-eabi/6.3.1/../../../arm-none-eabi/lib/thumb/v7-m/libc_nano.a(lib_a-init.o)
 .debug_loc     0x00000000000023b6      0x1bd /usr/lib/gcc/arm-none-eabi/6.3.1/../../../arm-none-eabi/lib/thumb/v7-m/libc_nano.a(lib_a-memset.o)

.debug_aranges  0x0000000000000000      0x4f0
 .debug_aranges
                0x0000000000000000       0x40 build/main.o
 .debug_aranges
                0x0000000000000040       0x60 build/stm32f1xx_it.o
 .debug_aranges
                0x00000000000000a0       0x30 build/stm32f1xx_hal_msp.o
 .debug_aranges
                0x00000000000000d0      0x138 build/stm32f1xx_hal_can.o
 .debug_aranges
                0x0000000000000208       0xe0 build/stm32f1xx_hal.o
 .debug_aranges
                0x00000000000002e8       0x90 build/stm32f1xx_hal_rcc.o
 .debug_aranges
                0x0000000000000378       0x58 build/stm32f1xx_hal_gpio.o
 .debug_aranges
                0x00000000000003d0       0x90 build/stm32f1xx_hal_cortex.o
 .debug_aranges
                0x0000000000000460       0x28 build/system_stm32f1xx.o
 .debug_aranges
                0x0000000000000488       0x28 build/startup_stm32f103xb.o
 .debug_aranges
                0x00000000000004b0       0x20 /usr/lib/gcc/arm-none-eabi/6.3.1/../../../arm-none-eabi/lib/thumb/v7-m/libc_nano.a(lib_a-init.o)
 .debug_aranges
                0x00000000000004d0       0x20 /usr/lib/gcc/arm-none-eabi/6.3.1/../../../arm-none-eabi/lib/thumb/v7-m/libc_nano.a(lib_a-memset.o)

.debug_ranges   0x0000000000000000      0x498
 .debug_ranges  0x0000000000000000       0x30 build/main.o
 .debug_ranges  0x0000000000000030       0x50 build/stm32f1xx_it.o
 .debug_ranges  0x0000000000000080       0x20 build/stm32f1xx_hal_msp.o
 .debug_ranges  0x00000000000000a0      0x128 build/stm32f1xx_hal_can.o
 .debug_ranges  0x00000000000001c8       0xd0 build/stm32f1xx_hal.o
 .debug_ranges  0x0000000000000298       0xa0 build/stm32f1xx_hal_rcc.o
 .debug_ranges  0x0000000000000338       0x48 build/stm32f1xx_hal_gpio.o
 .debug_ranges  0x0000000000000380       0xe0 build/stm32f1xx_hal_cortex.o
 .debug_ranges  0x0000000000000460       0x18 build/system_stm32f1xx.o
 .debug_ranges  0x0000000000000478       0x20 build/startup_stm32f103xb.o

.debug_line     0x0000000000000000     0x1e6a
 .debug_line    0x0000000000000000      0x237 build/main.o
 .debug_line    0x0000000000000237      0x1b2 build/stm32f1xx_it.o
 .debug_line    0x00000000000003e9      0x1bc build/stm32f1xx_hal_msp.o
 .debug_line    0x00000000000005a5      0x66a build/stm32f1xx_hal_can.o
 .debug_line    0x0000000000000c0f      0x354 build/stm32f1xx_hal.o
 .debug_line    0x0000000000000f63      0x48c build/stm32f1xx_hal_rcc.o
 .debug_line    0x00000000000013ef      0x31f build/stm32f1xx_hal_gpio.o
 .debug_line    0x000000000000170e      0x328 build/stm32f1xx_hal_cortex.o
 .debug_line    0x0000000000001a36      0x193 build/system_stm32f1xx.o
 .debug_line    0x0000000000001bc9       0x72 build/startup_stm32f103xb.o
 .debug_line    0x0000000000001c3b       0xb9 /usr/lib/gcc/arm-none-eabi/6.3.1/../../../arm-none-eabi/lib/thumb/v7-m/libc_nano.a(lib_a-init.o)
 .debug_line    0x0000000000001cf4      0x176 /usr/lib/gcc/arm-none-eabi/6.3.1/../../../arm-none-eabi/lib/thumb/v7-m/libc_nano.a(lib_a-memset.o)

.debug_str      0x0000000000000000     0x1f9a
 .debug_str     0x0000000000000000      0x72a build/main.o
                                        0x7a7 (size before relaxing)
 .debug_str     0x000000000000072a       0xaf build/stm32f1xx_it.o
                                        0x2fe (size before relaxing)
 .debug_str     0x00000000000007d9       0x7a build/stm32f1xx_hal_msp.o
                                        0x613 (size before relaxing)
 .debug_str     0x0000000000000853      0x577 build/stm32f1xx_hal_can.o
                                        0xaf9 (size before relaxing)
 .debug_str     0x0000000000000dca      0x53c build/stm32f1xx_hal.o
                                        0x85a (size before relaxing)
 .debug_str     0x0000000000001306      0x1e2 build/stm32f1xx_hal_rcc.o
                                        0x6af (size before relaxing)
 .debug_str     0x00000000000014e8      0x104 build/stm32f1xx_hal_gpio.o
                                        0x4cd (size before relaxing)
 .debug_str     0x00000000000015ec      0x390 build/stm32f1xx_hal_cortex.o
                                        0x97c (size before relaxing)
 .debug_str     0x000000000000197c       0x4a build/system_stm32f1xx.o
                                        0x33c (size before relaxing)
 .debug_str     0x00000000000019c6      0x153 /usr/lib/gcc/arm-none-eabi/6.3.1/../../../arm-none-eabi/lib/thumb/v7-m/libc_nano.a(lib_a-init.o)
                                        0x1f7 (size before relaxing)
 .debug_str     0x0000000000001b19      0x481 /usr/lib/gcc/arm-none-eabi/6.3.1/../../../arm-none-eabi/lib/thumb/v7-m/libc_nano.a(lib_a-memset.o)
                                        0x5be (size before relaxing)

.debug_frame    0x0000000000000000      0xb44
 .debug_frame   0x0000000000000000       0x9c build/main.o
 .debug_frame   0x000000000000009c       0xac build/stm32f1xx_it.o
 .debug_frame   0x0000000000000148       0x6c build/stm32f1xx_hal_msp.o
 .debug_frame   0x00000000000001b4      0x318 build/stm32f1xx_hal_can.o
 .debug_frame   0x00000000000004cc      0x1e4 build/stm32f1xx_hal.o
 .debug_frame   0x00000000000006b0      0x1c4 build/stm32f1xx_hal_rcc.o
 .debug_frame   0x0000000000000874      0x104 build/stm32f1xx_hal_gpio.o
 .debug_frame   0x0000000000000978      0x13c build/stm32f1xx_hal_cortex.o
 .debug_frame   0x0000000000000ab4       0x30 build/system_stm32f1xx.o
 .debug_frame   0x0000000000000ae4       0x2c /usr/lib/gcc/arm-none-eabi/6.3.1/../../../arm-none-eabi/lib/thumb/v7-m/libc_nano.a(lib_a-init.o)
 .debug_frame   0x0000000000000b10       0x34 /usr/lib/gcc/arm-none-eabi/6.3.1/../../../arm-none-eabi/lib/thumb/v7-m/libc_nano.a(lib_a-memset.o)

Cross Reference Table

Symbol                                            File
ADC1_2_IRQHandler                                 build/startup_stm32f103xb.o
AHBPrescTable                                     build/system_stm32f1xx.o
                                                  build/stm32f1xx_hal_rcc.o
APBPrescTable                                     build/system_stm32f1xx.o
                                                  build/stm32f1xx_hal_rcc.o
BusFault_Handler                                  build/stm32f1xx_it.o
CAN1_RX1_IRQHandler                               build/startup_stm32f103xb.o
CAN1_SCE_IRQHandler                               build/startup_stm32f103xb.o
DMA1_Channel1_IRQHandler                          build/startup_stm32f103xb.o
DMA1_Channel2_IRQHandler                          build/startup_stm32f103xb.o
DMA1_Channel3_IRQHandler                          build/startup_stm32f103xb.o
DMA1_Channel4_IRQHandler                          build/startup_stm32f103xb.o
DMA1_Channel5_IRQHandler                          build/startup_stm32f103xb.o
DMA1_Channel6_IRQHandler                          build/startup_stm32f103xb.o
DMA1_Channel7_IRQHandler                          build/startup_stm32f103xb.o
DebugMon_Handler                                  build/stm32f1xx_it.o
Default_Handler                                   build/startup_stm32f103xb.o
EXTI0_IRQHandler                                  build/startup_stm32f103xb.o
EXTI15_10_IRQHandler                              build/startup_stm32f103xb.o
EXTI1_IRQHandler                                  build/startup_stm32f103xb.o
EXTI2_IRQHandler                                  build/startup_stm32f103xb.o
EXTI3_IRQHandler                                  build/startup_stm32f103xb.o
EXTI4_IRQHandler                                  build/startup_stm32f103xb.o
EXTI9_5_IRQHandler                                build/startup_stm32f103xb.o
Error_Handler                                     build/main.o
FLASH_IRQHandler                                  build/startup_stm32f103xb.o
FLASH_PageErase                                   build/stm32f1xx_hal_flash_ex.o
                                                  build/stm32f1xx_hal_flash.o
FLASH_WaitForLastOperation                        build/stm32f1xx_hal_flash.o
                                                  build/stm32f1xx_hal_flash_ex.o
HAL_CAN_AbortTxRequest                            build/stm32f1xx_hal_can.o
HAL_CAN_ActivateNotification                      build/stm32f1xx_hal_can.o
HAL_CAN_AddTxMessage                              build/stm32f1xx_hal_can.o
HAL_CAN_ConfigFilter                              build/stm32f1xx_hal_can.o
HAL_CAN_DeInit                                    build/stm32f1xx_hal_can.o
HAL_CAN_DeactivateNotification                    build/stm32f1xx_hal_can.o
HAL_CAN_ErrorCallback                             build/stm32f1xx_hal_can.o
HAL_CAN_GetError                                  build/stm32f1xx_hal_can.o
HAL_CAN_GetRxFifoFillLevel                        build/stm32f1xx_hal_can.o
HAL_CAN_GetRxMessage                              build/stm32f1xx_hal_can.o
HAL_CAN_GetState                                  build/stm32f1xx_hal_can.o
HAL_CAN_GetTxMailboxesFreeLevel                   build/stm32f1xx_hal_can.o
HAL_CAN_GetTxTimestamp                            build/stm32f1xx_hal_can.o
HAL_CAN_IRQHandler                                build/stm32f1xx_hal_can.o
HAL_CAN_Init                                      build/stm32f1xx_hal_can.o
                                                  build/main.o
HAL_CAN_IsSleepActive                             build/stm32f1xx_hal_can.o
HAL_CAN_IsTxMessagePending                        build/stm32f1xx_hal_can.o
HAL_CAN_MspDeInit                                 build/stm32f1xx_hal_msp.o
HAL_CAN_MspInit                                   build/stm32f1xx_hal_msp.o
HAL_CAN_RequestSleep                              build/stm32f1xx_hal_can.o
HAL_CAN_ResetError                                build/stm32f1xx_hal_can.o
HAL_CAN_RxFifo0FullCallback                       build/stm32f1xx_hal_can.o
HAL_CAN_RxFifo0MsgPendingCallback                 build/stm32f1xx_hal_can.o
HAL_CAN_RxFifo1FullCallback                       build/stm32f1xx_hal_can.o
HAL_CAN_RxFifo1MsgPendingCallback                 build/stm32f1xx_hal_can.o
HAL_CAN_SleepCallback                             build/stm32f1xx_hal_can.o
HAL_CAN_Start                                     build/stm32f1xx_hal_can.o
HAL_CAN_Stop                                      build/stm32f1xx_hal_can.o
HAL_CAN_TxMailbox0AbortCallback                   build/stm32f1xx_hal_can.o
HAL_CAN_TxMailbox0CompleteCallback                build/stm32f1xx_hal_can.o
HAL_CAN_TxMailbox1AbortCallback                   build/stm32f1xx_hal_can.o
HAL_CAN_TxMailbox1CompleteCallback                build/stm32f1xx_hal_can.o
HAL_CAN_TxMailbox2AbortCallback                   build/stm32f1xx_hal_can.o
HAL_CAN_TxMailbox2CompleteCallback                build/stm32f1xx_hal_can.o
HAL_CAN_WakeUp                                    build/stm32f1xx_hal_can.o
HAL_CAN_WakeUpFromRxMsgCallback                   build/stm32f1xx_hal_can.o
HAL_DBGMCU_DisableDBGSleepMode                    build/stm32f1xx_hal.o
HAL_DBGMCU_DisableDBGStandbyMode                  build/stm32f1xx_hal.o
HAL_DBGMCU_DisableDBGStopMode                     build/stm32f1xx_hal.o
HAL_DBGMCU_EnableDBGSleepMode                     build/stm32f1xx_hal.o
HAL_DBGMCU_EnableDBGStandbyMode                   build/stm32f1xx_hal.o
HAL_DBGMCU_EnableDBGStopMode                      build/stm32f1xx_hal.o
HAL_DMA_Abort                                     build/stm32f1xx_hal_dma.o
HAL_DMA_Abort_IT                                  build/stm32f1xx_hal_dma.o
HAL_DMA_DeInit                                    build/stm32f1xx_hal_dma.o
HAL_DMA_GetError                                  build/stm32f1xx_hal_dma.o
HAL_DMA_GetState                                  build/stm32f1xx_hal_dma.o
HAL_DMA_IRQHandler                                build/stm32f1xx_hal_dma.o
HAL_DMA_Init                                      build/stm32f1xx_hal_dma.o
HAL_DMA_PollForTransfer                           build/stm32f1xx_hal_dma.o
HAL_DMA_RegisterCallback                          build/stm32f1xx_hal_dma.o
HAL_DMA_Start                                     build/stm32f1xx_hal_dma.o
HAL_DMA_Start_IT                                  build/stm32f1xx_hal_dma.o
HAL_DMA_UnRegisterCallback                        build/stm32f1xx_hal_dma.o
HAL_DeInit                                        build/stm32f1xx_hal.o
HAL_Delay                                         build/stm32f1xx_hal.o
                                                  build/main.o
HAL_EXTI_ClearConfigLine                          build/stm32f1xx_hal_exti.o
HAL_EXTI_ClearPending                             build/stm32f1xx_hal_exti.o
HAL_EXTI_GenerateSWI                              build/stm32f1xx_hal_exti.o
HAL_EXTI_GetConfigLine                            build/stm32f1xx_hal_exti.o
HAL_EXTI_GetHandle                                build/stm32f1xx_hal_exti.o
HAL_EXTI_GetPending                               build/stm32f1xx_hal_exti.o
HAL_EXTI_IRQHandler                               build/stm32f1xx_hal_exti.o
HAL_EXTI_RegisterCallback                         build/stm32f1xx_hal_exti.o
HAL_EXTI_SetConfigLine                            build/stm32f1xx_hal_exti.o
HAL_FLASHEx_Erase                                 build/stm32f1xx_hal_flash_ex.o
HAL_FLASHEx_Erase_IT                              build/stm32f1xx_hal_flash_ex.o
HAL_FLASHEx_OBErase                               build/stm32f1xx_hal_flash_ex.o
HAL_FLASHEx_OBGetConfig                           build/stm32f1xx_hal_flash_ex.o
HAL_FLASHEx_OBGetUserData                         build/stm32f1xx_hal_flash_ex.o
HAL_FLASHEx_OBProgram                             build/stm32f1xx_hal_flash_ex.o
HAL_FLASH_EndOfOperationCallback                  build/stm32f1xx_hal_flash.o
HAL_FLASH_GetError                                build/stm32f1xx_hal_flash.o
HAL_FLASH_IRQHandler                              build/stm32f1xx_hal_flash.o
HAL_FLASH_Lock                                    build/stm32f1xx_hal_flash.o
HAL_FLASH_OB_Launch                               build/stm32f1xx_hal_flash.o
HAL_FLASH_OB_Lock                                 build/stm32f1xx_hal_flash.o
HAL_FLASH_OB_Unlock                               build/stm32f1xx_hal_flash.o
HAL_FLASH_OperationErrorCallback                  build/stm32f1xx_hal_flash.o
HAL_FLASH_Program                                 build/stm32f1xx_hal_flash.o
HAL_FLASH_Program_IT                              build/stm32f1xx_hal_flash.o
HAL_FLASH_Unlock                                  build/stm32f1xx_hal_flash.o
HAL_GPIOEx_ConfigEventout                         build/stm32f1xx_hal_gpio_ex.o
HAL_GPIOEx_DisableEventout                        build/stm32f1xx_hal_gpio_ex.o
HAL_GPIOEx_EnableEventout                         build/stm32f1xx_hal_gpio_ex.o
HAL_GPIO_DeInit                                   build/stm32f1xx_hal_gpio.o
                                                  build/stm32f1xx_hal_msp.o
HAL_GPIO_EXTI_Callback                            build/stm32f1xx_hal_gpio.o
HAL_GPIO_EXTI_IRQHandler                          build/stm32f1xx_hal_gpio.o
HAL_GPIO_Init                                     build/stm32f1xx_hal_gpio.o
                                                  build/stm32f1xx_hal_rcc.o
                                                  build/stm32f1xx_hal_msp.o
                                                  build/main.o
HAL_GPIO_LockPin                                  build/stm32f1xx_hal_gpio.o
HAL_GPIO_ReadPin                                  build/stm32f1xx_hal_gpio.o
HAL_GPIO_TogglePin                                build/stm32f1xx_hal_gpio.o
                                                  build/main.o
HAL_GPIO_WritePin                                 build/stm32f1xx_hal_gpio.o
                                                  build/main.o
HAL_GetDEVID                                      build/stm32f1xx_hal.o
HAL_GetHalVersion                                 build/stm32f1xx_hal.o
HAL_GetREVID                                      build/stm32f1xx_hal.o
HAL_GetTick                                       build/stm32f1xx_hal.o
                                                  build/stm32f1xx_hal_flash.o
                                                  build/stm32f1xx_hal_dma.o
                                                  build/stm32f1xx_hal_rcc_ex.o
                                                  build/stm32f1xx_hal_rcc.o
                                                  build/stm32f1xx_hal_can.o
HAL_GetTickFreq                                   build/stm32f1xx_hal.o
HAL_GetTickPrio                                   build/stm32f1xx_hal.o
HAL_GetUIDw0                                      build/stm32f1xx_hal.o
HAL_GetUIDw1                                      build/stm32f1xx_hal.o
HAL_GetUIDw2                                      build/stm32f1xx_hal.o
HAL_IncTick                                       build/stm32f1xx_hal.o
                                                  build/stm32f1xx_it.o
HAL_Init                                          build/stm32f1xx_hal.o
                                                  build/main.o
HAL_InitTick                                      build/stm32f1xx_hal.o
                                                  build/stm32f1xx_hal_rcc.o
HAL_MspDeInit                                     build/stm32f1xx_hal.o
HAL_MspInit                                       build/stm32f1xx_hal_msp.o
HAL_NVIC_ClearPendingIRQ                          build/stm32f1xx_hal_cortex.o
HAL_NVIC_DisableIRQ                               build/stm32f1xx_hal_cortex.o
HAL_NVIC_EnableIRQ                                build/stm32f1xx_hal_cortex.o
HAL_NVIC_GetActive                                build/stm32f1xx_hal_cortex.o
HAL_NVIC_GetPendingIRQ                            build/stm32f1xx_hal_cortex.o
HAL_NVIC_GetPriority                              build/stm32f1xx_hal_cortex.o
HAL_NVIC_GetPriorityGrouping                      build/stm32f1xx_hal_cortex.o
HAL_NVIC_SetPendingIRQ                            build/stm32f1xx_hal_cortex.o
HAL_NVIC_SetPriority                              build/stm32f1xx_hal_cortex.o
                                                  build/stm32f1xx_hal.o
HAL_NVIC_SetPriorityGrouping                      build/stm32f1xx_hal_cortex.o
                                                  build/stm32f1xx_hal.o
HAL_NVIC_SystemReset                              build/stm32f1xx_hal_cortex.o
                                                  build/stm32f1xx_hal_flash.o
HAL_PWR_ConfigPVD                                 build/stm32f1xx_hal_pwr.o
HAL_PWR_DeInit                                    build/stm32f1xx_hal_pwr.o
HAL_PWR_DisableBkUpAccess                         build/stm32f1xx_hal_pwr.o
HAL_PWR_DisablePVD                                build/stm32f1xx_hal_pwr.o
HAL_PWR_DisableSEVOnPend                          build/stm32f1xx_hal_pwr.o
HAL_PWR_DisableSleepOnExit                        build/stm32f1xx_hal_pwr.o
HAL_PWR_DisableWakeUpPin                          build/stm32f1xx_hal_pwr.o
HAL_PWR_EnableBkUpAccess                          build/stm32f1xx_hal_pwr.o
HAL_PWR_EnablePVD                                 build/stm32f1xx_hal_pwr.o
HAL_PWR_EnableSEVOnPend                           build/stm32f1xx_hal_pwr.o
HAL_PWR_EnableSleepOnExit                         build/stm32f1xx_hal_pwr.o
HAL_PWR_EnableWakeUpPin                           build/stm32f1xx_hal_pwr.o
HAL_PWR_EnterSLEEPMode                            build/stm32f1xx_hal_pwr.o
HAL_PWR_EnterSTANDBYMode                          build/stm32f1xx_hal_pwr.o
HAL_PWR_EnterSTOPMode                             build/stm32f1xx_hal_pwr.o
HAL_PWR_PVDCallback                               build/stm32f1xx_hal_pwr.o
HAL_PWR_PVD_IRQHandler                            build/stm32f1xx_hal_pwr.o
HAL_RCCEx_GetPeriphCLKConfig                      build/stm32f1xx_hal_rcc_ex.o
HAL_RCCEx_GetPeriphCLKFreq                        build/stm32f1xx_hal_rcc_ex.o
HAL_RCCEx_PeriphCLKConfig                         build/stm32f1xx_hal_rcc_ex.o
HAL_RCC_CSSCallback                               build/stm32f1xx_hal_rcc.o
HAL_RCC_ClockConfig                               build/stm32f1xx_hal_rcc.o
                                                  build/main.o
HAL_RCC_DeInit                                    build/stm32f1xx_hal_rcc.o
HAL_RCC_DisableCSS                                build/stm32f1xx_hal_rcc.o
HAL_RCC_EnableCSS                                 build/stm32f1xx_hal_rcc.o
HAL_RCC_GetClockConfig                            build/stm32f1xx_hal_rcc.o
HAL_RCC_GetHCLKFreq                               build/stm32f1xx_hal_rcc.o
HAL_RCC_GetOscConfig                              build/stm32f1xx_hal_rcc.o
HAL_RCC_GetPCLK1Freq                              build/stm32f1xx_hal_rcc.o
HAL_RCC_GetPCLK2Freq                              build/stm32f1xx_hal_rcc.o
                                                  build/stm32f1xx_hal_rcc_ex.o
HAL_RCC_GetSysClockFreq                           build/stm32f1xx_hal_rcc.o
HAL_RCC_MCOConfig                                 build/stm32f1xx_hal_rcc.o
HAL_RCC_NMI_IRQHandler                            build/stm32f1xx_hal_rcc.o
HAL_RCC_OscConfig                                 build/stm32f1xx_hal_rcc.o
                                                  build/main.o
HAL_ResumeTick                                    build/stm32f1xx_hal.o
HAL_SYSTICK_CLKSourceConfig                       build/stm32f1xx_hal_cortex.o
HAL_SYSTICK_Callback                              build/stm32f1xx_hal_cortex.o
HAL_SYSTICK_Config                                build/stm32f1xx_hal_cortex.o
                                                  build/stm32f1xx_hal.o
HAL_SYSTICK_IRQHandler                            build/stm32f1xx_hal_cortex.o
HAL_SetTickFreq                                   build/stm32f1xx_hal.o
HAL_SuspendTick                                   build/stm32f1xx_hal.o
HardFault_Handler                                 build/stm32f1xx_it.o
I2C1_ER_IRQHandler                                build/startup_stm32f103xb.o
I2C1_EV_IRQHandler                                build/startup_stm32f103xb.o
I2C2_ER_IRQHandler                                build/startup_stm32f103xb.o
I2C2_EV_IRQHandler                                build/startup_stm32f103xb.o
MemManage_Handler                                 build/stm32f1xx_it.o
NMI_Handler                                       build/stm32f1xx_it.o
PVD_IRQHandler                                    build/startup_stm32f103xb.o
PendSV_Handler                                    build/stm32f1xx_it.o
RCC_IRQHandler                                    build/startup_stm32f103xb.o
RTC_Alarm_IRQHandler                              build/startup_stm32f103xb.o
RTC_IRQHandler                                    build/startup_stm32f103xb.o
Reset_Handler                                     build/startup_stm32f103xb.o
SPI1_IRQHandler                                   build/startup_stm32f103xb.o
SPI2_IRQHandler                                   build/startup_stm32f103xb.o
SVC_Handler                                       build/stm32f1xx_it.o
SysTick_Handler                                   build/stm32f1xx_it.o
SystemClock_Config                                build/main.o
SystemCoreClock                                   build/system_stm32f1xx.o
                                                  build/stm32f1xx_hal_rcc.o
                                                  build/stm32f1xx_hal.o
SystemCoreClockUpdate                             build/system_stm32f1xx.o
SystemInit                                        build/system_stm32f1xx.o
                                                  build/startup_stm32f103xb.o
TAMPER_IRQHandler                                 build/startup_stm32f103xb.o
TIM1_BRK_IRQHandler                               build/startup_stm32f103xb.o
TIM1_CC_IRQHandler                                build/startup_stm32f103xb.o
TIM1_TRG_COM_IRQHandler                           build/startup_stm32f103xb.o
TIM1_UP_IRQHandler                                build/startup_stm32f103xb.o
TIM2_IRQHandler                                   build/startup_stm32f103xb.o
TIM3_IRQHandler                                   build/startup_stm32f103xb.o
TIM4_IRQHandler                                   build/startup_stm32f103xb.o
USART1_IRQHandler                                 build/startup_stm32f103xb.o
USART2_IRQHandler                                 build/startup_stm32f103xb.o
USART3_IRQHandler                                 build/startup_stm32f103xb.o
USBWakeUp_IRQHandler                              build/startup_stm32f103xb.o
USB_HP_CAN1_TX_IRQHandler                         build/startup_stm32f103xb.o
USB_LP_CAN1_RX0_IRQHandler                        build/startup_stm32f103xb.o
UsageFault_Handler                                build/stm32f1xx_it.o
WWDG_IRQHandler                                   build/startup_stm32f103xb.o
_ITM_deregisterTMCloneTable                       /usr/lib/gcc/arm-none-eabi/6.3.1/thumb/v7-m/crtbegin.o
_ITM_registerTMCloneTable                         /usr/lib/gcc/arm-none-eabi/6.3.1/thumb/v7-m/crtbegin.o
_Jv_RegisterClasses                               /usr/lib/gcc/arm-none-eabi/6.3.1/thumb/v7-m/crtbegin.o
__TMC_END__                                       /usr/lib/gcc/arm-none-eabi/6.3.1/thumb/v7-m/crtend.o
                                                  /usr/lib/gcc/arm-none-eabi/6.3.1/thumb/v7-m/crtbegin.o
__atexit_dummy                                    /usr/lib/gcc/arm-none-eabi/6.3.1/../../../arm-none-eabi/lib/thumb/v7-m/libc_nano.a(lib_a-__atexit.o)
__bss_end__                                       /usr/lib/gcc/arm-none-eabi/6.3.1/../../../arm-none-eabi/lib/thumb/v7-m/crt0.o
__bss_start__                                     /usr/lib/gcc/arm-none-eabi/6.3.1/../../../arm-none-eabi/lib/thumb/v7-m/crt0.o
__call_exitprocs                                  /usr/lib/gcc/arm-none-eabi/6.3.1/../../../arm-none-eabi/lib/thumb/v7-m/libc_nano.a(lib_a-__call_atexit.o)
                                                  /usr/lib/gcc/arm-none-eabi/6.3.1/../../../arm-none-eabi/lib/thumb/v7-m/libc_nano.a(lib_a-__atexit.o)
                                                  /usr/lib/gcc/arm-none-eabi/6.3.1/../../../arm-none-eabi/lib/thumb/v7-m/libc_nano.a(lib_a-exit.o)
__deregister_frame_info                           /usr/lib/gcc/arm-none-eabi/6.3.1/thumb/v7-m/crtbegin.o
__dso_handle                                      /usr/lib/gcc/arm-none-eabi/6.3.1/thumb/v7-m/crtbegin.o
__fini_array_end                                  /usr/lib/gcc/arm-none-eabi/6.3.1/../../../arm-none-eabi/lib/thumb/v7-m/libc_nano.a(lib_a-fini.o)
__fini_array_start                                /usr/lib/gcc/arm-none-eabi/6.3.1/../../../arm-none-eabi/lib/thumb/v7-m/libc_nano.a(lib_a-fini.o)
__init_array_end                                  /usr/lib/gcc/arm-none-eabi/6.3.1/../../../arm-none-eabi/lib/thumb/v7-m/libc_nano.a(lib_a-init.o)
__init_array_start                                /usr/lib/gcc/arm-none-eabi/6.3.1/../../../arm-none-eabi/lib/thumb/v7-m/libc_nano.a(lib_a-init.o)
__libc_fini_array                                 /usr/lib/gcc/arm-none-eabi/6.3.1/../../../arm-none-eabi/lib/thumb/v7-m/libc_nano.a(lib_a-fini.o)
                                                  /usr/lib/gcc/arm-none-eabi/6.3.1/../../../arm-none-eabi/lib/thumb/v7-m/crt0.o
__libc_init_array                                 /usr/lib/gcc/arm-none-eabi/6.3.1/../../../arm-none-eabi/lib/thumb/v7-m/libc_nano.a(lib_a-init.o)
                                                  build/startup_stm32f103xb.o
                                                  /usr/lib/gcc/arm-none-eabi/6.3.1/../../../arm-none-eabi/lib/thumb/v7-m/crt0.o
__on_exit_args                                    /usr/lib/gcc/arm-none-eabi/6.3.1/../../../arm-none-eabi/lib/thumb/v7-m/libc_nano.a(lib_a-__atexit.o)
__preinit_array_end                               /usr/lib/gcc/arm-none-eabi/6.3.1/../../../arm-none-eabi/lib/thumb/v7-m/libc_nano.a(lib_a-init.o)
__preinit_array_start                             /usr/lib/gcc/arm-none-eabi/6.3.1/../../../arm-none-eabi/lib/thumb/v7-m/libc_nano.a(lib_a-init.o)
__register_exitproc                               /usr/lib/gcc/arm-none-eabi/6.3.1/../../../arm-none-eabi/lib/thumb/v7-m/libc_nano.a(lib_a-__atexit.o)
                                                  /usr/lib/gcc/arm-none-eabi/6.3.1/../../../arm-none-eabi/lib/thumb/v7-m/libc_nano.a(lib_a-atexit.o)
__register_frame_info                             /usr/lib/gcc/arm-none-eabi/6.3.1/thumb/v7-m/crtbegin.o
__sf_fake_stderr                                  /usr/lib/gcc/arm-none-eabi/6.3.1/../../../arm-none-eabi/lib/thumb/v7-m/libc_nano.a(lib_a-impure.o)
__sf_fake_stdin                                   /usr/lib/gcc/arm-none-eabi/6.3.1/../../../arm-none-eabi/lib/thumb/v7-m/libc_nano.a(lib_a-impure.o)
__sf_fake_stdout                                  /usr/lib/gcc/arm-none-eabi/6.3.1/../../../arm-none-eabi/lib/thumb/v7-m/libc_nano.a(lib_a-impure.o)
__stack                                           /usr/lib/gcc/arm-none-eabi/6.3.1/../../../arm-none-eabi/lib/thumb/v7-m/crt0.o
_ebss                                             build/startup_stm32f103xb.o
_edata                                            build/startup_stm32f103xb.o
_estack                                           build/startup_stm32f103xb.o
_exit                                             /usr/lib/gcc/arm-none-eabi/6.3.1/../../../arm-none-eabi/lib/thumb/v7-m/libnosys.a(_exit.o)
                                                  /usr/lib/gcc/arm-none-eabi/6.3.1/../../../arm-none-eabi/lib/thumb/v7-m/libc_nano.a(lib_a-exit.o)
_fini                                             /usr/lib/gcc/arm-none-eabi/6.3.1/thumb/v7-m/crti.o
                                                  /usr/lib/gcc/arm-none-eabi/6.3.1/../../../arm-none-eabi/lib/thumb/v7-m/libc_nano.a(lib_a-fini.o)
_global_atexit                                    /usr/lib/gcc/arm-none-eabi/6.3.1/../../../arm-none-eabi/lib/thumb/v7-m/libc_nano.a(lib_a-__call_atexit.o)
                                                  /usr/lib/gcc/arm-none-eabi/6.3.1/../../../arm-none-eabi/lib/thumb/v7-m/libc_nano.a(lib_a-__atexit.o)
_global_impure_ptr                                /usr/lib/gcc/arm-none-eabi/6.3.1/../../../arm-none-eabi/lib/thumb/v7-m/libc_nano.a(lib_a-impure.o)
                                                  /usr/lib/gcc/arm-none-eabi/6.3.1/../../../arm-none-eabi/lib/thumb/v7-m/libc_nano.a(lib_a-exit.o)
_impure_ptr                                       /usr/lib/gcc/arm-none-eabi/6.3.1/../../../arm-none-eabi/lib/thumb/v7-m/libc_nano.a(lib_a-impure.o)
_init                                             /usr/lib/gcc/arm-none-eabi/6.3.1/thumb/v7-m/crti.o
                                                  /usr/lib/gcc/arm-none-eabi/6.3.1/../../../arm-none-eabi/lib/thumb/v7-m/libc_nano.a(lib_a-init.o)
_mainCRTStartup                                   /usr/lib/gcc/arm-none-eabi/6.3.1/../../../arm-none-eabi/lib/thumb/v7-m/crt0.o
_sbss                                             build/startup_stm32f103xb.o
_sdata                                            build/startup_stm32f103xb.o
_sidata                                           build/startup_stm32f103xb.o
_start                                            /usr/lib/gcc/arm-none-eabi/6.3.1/../../../arm-none-eabi/lib/thumb/v7-m/crt0.o
atexit                                            /usr/lib/gcc/arm-none-eabi/6.3.1/../../../arm-none-eabi/lib/thumb/v7-m/libc_nano.a(lib_a-atexit.o)
                                                  /usr/lib/gcc/arm-none-eabi/6.3.1/../../../arm-none-eabi/lib/thumb/v7-m/crt0.o
exit                                              /usr/lib/gcc/arm-none-eabi/6.3.1/../../../arm-none-eabi/lib/thumb/v7-m/libc_nano.a(lib_a-exit.o)
                                                  /usr/lib/gcc/arm-none-eabi/6.3.1/../../../arm-none-eabi/lib/thumb/v7-m/crt0.o
free                                              /usr/lib/gcc/arm-none-eabi/6.3.1/../../../arm-none-eabi/lib/thumb/v7-m/libc_nano.a(lib_a-__call_atexit.o)
g_pfnVectors                                      build/startup_stm32f103xb.o
hardware_init_hook                                /usr/lib/gcc/arm-none-eabi/6.3.1/../../../arm-none-eabi/lib/thumb/v7-m/crt0.o
hcan                                              build/main.o
main                                              build/main.o
                                                  build/startup_stm32f103xb.o
                                                  /usr/lib/gcc/arm-none-eabi/6.3.1/../../../arm-none-eabi/lib/thumb/v7-m/crt0.o
malloc                                            /usr/lib/gcc/arm-none-eabi/6.3.1/../../../arm-none-eabi/lib/thumb/v7-m/libc_nano.a(lib_a-__atexit.o)
memset                                            /usr/lib/gcc/arm-none-eabi/6.3.1/../../../arm-none-eabi/lib/thumb/v7-m/libc_nano.a(lib_a-memset.o)
                                                  build/main.o
                                                  /usr/lib/gcc/arm-none-eabi/6.3.1/../../../arm-none-eabi/lib/thumb/v7-m/crt0.o
pFlash                                            build/stm32f1xx_hal_flash.o
                                                  build/stm32f1xx_hal_flash_ex.o
software_init_hook                                /usr/lib/gcc/arm-none-eabi/6.3.1/../../../arm-none-eabi/lib/thumb/v7-m/crt0.o
uwTick                                            build/stm32f1xx_hal.o
uwTickFreq                                        build/stm32f1xx_hal.o
uwTickPrio                                        build/stm32f1xx_hal.o
                                                  build/stm32f1xx_hal_rcc.o
